
Gurobi 13.0.2 (linux64) logging started Fri Jul  3 09:01:02 2026

Set parameter LogFile to value "/home/michael/gitrepos/gopslpnlpbb/output/epanet_bb_equivalent_gops/atm-24h-na3/issue18-matched-budget-20260703T115137Z/solver.log"
Set parameter LazyConstraints to value 1
Gurobi Optimizer version 13.0.2 build v13.0.2rc1 (linux64 - "Debian GNU/Linux 13 (trixie)")

CPU model: AMD EPYC 9554 64-Core Processor, instruction set [SSE2|AVX|AVX2|AVX512]
Thread count: 64 physical cores, 128 logical processors, using up to 32 threads

Non-default parameters:
TimeLimit  10020
MIPGap  1e-06
LazyConstraints  1

Optimize a model with 206208 rows, 1872 columns and 623520 nonzeros (Min)
Model fingerprint: 0x66a8daf2
Model has 144 linear objective coefficients
Variable types: 1659 continuous, 213 integer (213 binary)
Coefficient statistics:
  Matrix range     [9e-04, 1e+03]
  Objective range  [2e-02, 3e+00]
  Bounds range     [1e+00, 1e+03]
  RHS range        [2e-01, 3e+04]

Presolve removed 101262 rows and 174 columns
Presolve time: 1.52s
Presolved: 104946 rows, 1698 columns, 315890 nonzeros
Variable types: 1485 continuous, 213 integer (213 binary)
Root relaxation presolved: 60103 rows, 46541 columns, 226215 nonzeros


Root relaxation: objective 3.351307e+02, 3018 iterations, 0.52 seconds (1.00 work units)

    Nodes    |    Current Node    |     Objective Bounds      |     Work
 Expl Unexpl |  Obj  Depth IntInf | Incumbent    BestBd   Gap | It/Node Time

     0     0  335.13072    0   34          -  335.13072      -     -    3s
     0     0  335.17938    0   55          -  335.17938      -     -    4s
     0     0  335.17938    0   49          -  335.17938      -     -    4s
     0     0  337.71009    0   70          -  337.71009      -     -    5s
     0     0  337.85858    0   79          -  337.85858      -     -    7s
     0     0  337.85858    0   65          -  337.85858      -     -    7s
     0     0  337.85858    0   71          -  337.85858      -     -    7s
     0     0  337.85858    0   71          -  337.85858      -     -    8s
     0     0  337.85858    0   74          -  337.85858      -     -    9s
     0     0  337.85858    0   70          -  337.85858      -     -    9s
     0     0  337.85858    0   76          -  337.85858      -     -   10s
     0     0  337.85858    0   56          -  337.85858      -     -   10s
     0     0  337.85858    0   66          -  337.85858      -     -   11s
     0     0  337.85858    0   70          -  337.85858      -     -   11s
     0     0  337.85858    0   49          -  337.85858      -     -   12s
     0     0  337.85858    0   58          -  337.85858      -     -   12s
     0     0  337.85858    0   80          -  337.85858      -     -   13s
     0     0  337.85858    0   58          -  337.85858      -     -   13s
     0     0  337.85858    0   66          -  337.85858      -     -   15s
     0     0  337.85858    0   53          -  337.85858      -     -   15s
     0     0  337.85858    0   34          -  337.85858      -     -   16s
     0     0  337.85858    0   68          -  337.85858      -     -   16s
     0     0  337.85858    0   63          -  337.85858      -     -   17s
     0     0  337.85858    0   54          -  337.85858      -     -   17s
     0     0  337.85858    0   55          -  337.85858      -     -   18s
     0     0  337.85858    0   84          -  337.85858      -     -   18s
     0     0  337.85858    0   63          -  337.85858      -     -   19s
     0     0  337.85858    0   63          -  337.85858      -     -   20s
     0     0  337.85858    0   63          -  337.85858      -     -   20s
     0     2  337.85858    0   63          -  337.85858      -     -   20s
   209   248  338.13271    9   78          -  337.91204      -   583   26s
   418   470  338.38234   14   72          -  337.91204      -   486   31s
   469   517  345.58282   15   67          -  337.91204      -   477   36s
   596   672  338.41767   16   74          -  337.91204      -   446   41s
   757   823  338.45868   18   66          -  337.91204      -   425   46s
   903   997  338.48759   20   65          -  337.91204      -   416   53s
  1002  1028  338.49449   21   66          -  337.91204      -   405   56s
  1195  1237  338.69509   23   64          -  337.91204      -   390   60s
  1952  1868  340.13677   29   36          -  337.94703      -   397   65s
  3102  2890  339.41929   20   28          -  338.01367      -   382   70s
  3541  3093  348.59998   43   63          -  338.05024      -   377   92s
  3545  3096  342.82034   24   46          -  338.32951      -   377   95s
  3555  3102  343.16605   31   34          -  338.34313      -   376  100s
  3563  3108  339.10808   27   38          -  338.34313      -   375  105s
  3630  3185  338.35303   20   42          -  338.35303      -   376  110s
  4690  3962  339.59288   38   24          -  338.36267      -   334  116s
  5039  4192  339.92060   45   26          -  338.36267      -   321  121s
  5506  4485  343.46729   53   18          -  338.36267      -   307  126s
  6143  4609  339.23795   23   42          -  338.44288      -   288  130s
  6793  5105  339.25748   27   28          -  338.44288      -   273  135s
  9076  6173  341.28122   42   26          -  338.54855      -   229  140s
 11355  7419 infeasible   48               -  338.54871      -   203  145s
 13033  8297  339.83666   34   20          -  338.55714      -   189  150s
 14901  9394  340.38878   37   17          -  338.56052      -   176  156s
 15502 10215  342.12076   46   16          -  338.56052      -   173  161s
 16886 11222  339.53558   35   17          -  338.61542      -   167  165s
 18919 13002 infeasible   54               -  338.61638      -   160  171s
 19636 13695  344.08129   54   24          -  338.61638      -   158  176s
 22371 15740  341.43642   41   21          -  338.62324      -   151  182s
 23455 16557  342.31461   39    9          -  338.62324      -   148  188s
 24476 17410  390.52150   49   14          -  338.62539      -   146  190s
 27313 19631  340.15282   41   24          -  338.62539      -   139  196s
 29647 21598  352.04331   52    2          -  338.70954      -   136  200s
 32615 23916  342.31461   56    -          -  338.70954      -   132  205s
 35081 25739  341.92680   53    7          -  338.70954      -   129  212s
 37208 27038  360.24206   53    6          -  338.71039      -   127  215s
 38128 27311  341.18330   48   23          -  338.71039      -   127  221s
 38452 28102  350.59371   50   16          -  338.71039      -   126  226s
 40895 30419  361.44841   56   10          -  338.75516      -   125  233s
 42604 31835  343.66159   53   15          -  338.75516      -   123  236s
 44464 32639  342.31461   50    4          -  338.75516      -   122  242s
 45504 33976  339.78139   34   20          -  338.76155      -   122  246s
 47527 35695  338.98541   27   44          -  338.76155      -   120  250s
 49714 37479  341.16336   42   20          -  338.76155      -   119  255s
 52518 39116  340.97010   44   16          -  338.76502      -   118  260s
 54072 39653 infeasible   65               -  338.76981      -   117  265s
 54617 40712  339.55948   33   26          -  338.76991      -   117  271s
 56138 42135  341.23736   49   10          -  338.77127      -   117  275s
 57984 43056  390.71120   60    4          -  338.77171      -   116  281s
 60593 44745  347.03431   47    9          -  338.77215      -   116  285s
 63868 48515 infeasible   54               -  338.77215      -   115  293s
 66585 50709  352.24809   56    -          -  338.77215      -   115  298s
 69453 52874  338.93533   29   38          -  338.77531      -   114  303s
 72218 53145  339.45786   27   37          -  338.78916      -   113  306s
 72329 53727  342.31461   48    -          -  338.78916      -   113  312s
 73215 54562  342.24543   50   11          -  338.79803      -   113  318s
 74389 56933  341.76398   51   11          -  338.79803      -   113  323s
 77567 59437  363.47486   37   34          -  338.79803      -   112  328s
 80921 62108  338.95257   34   36          -  338.79806      -   112  334s
 83654 62303  343.60732   52    5          -  338.80439      -   111  336s
 84436 64627  347.13874   61    -          -  338.80500      -   111  340s
 87986 65600  339.67173   39   24          -  338.81938      -   110  349s
 89018 66934  342.31461   47    4          -  338.81938      -   110  356s
 90889 69136  341.16719   53    9          -  338.81938      -   110  363s
 92773 69275  339.63959   41   33          -  338.83232      -   110  365s
 94036 71675  343.60732   51    6          -  338.83335      -   110  370s
 97615 74296  339.87077   35   41          -  338.84058      -   109  376s
 101017 75305  341.08699   59   14          -  338.84531      -   109  386s
 102140 77730  342.31461   62    -          -  338.84531      -   109  391s
 105578 80354 infeasible   62               -  338.84955      -   108  398s
 108441 80625  339.63048   37   28          -  338.85111      -   108  401s
 109075 81820  342.31461   55    5          -  338.85111      -   108  407s
 110757 84303  342.31461   56    -          -  338.85462      -   108  412s
 114319 85355  339.08688   45   53          -  338.85576      -   107  423s
 115386 87398  339.27122   46   33          -  338.85576      -   107  429s
 118283 89827  341.55565   52    8          -  338.85879      -   107  435s
 121601 92273  365.13485   68   13          -  338.86130      -   107  441s
 124919 94736  369.88729   54   14          -  338.86694      -   106  447s
 127558 94940 infeasible   52               -  338.86694      -   106  450s
 128295 97250  339.77179   43   21          -  338.86694      -   106  455s
 131617 98532  339.39084   39   38          -  338.86972      -   106  464s
 132624 98623  338.96248   43   41          -  338.86972      -   106  465s
 133034 100838  339.39096   40   40          -  338.86972      -   106  470s
 136338 103483  378.05766   49   28          -  338.87029      -   105  476s
 139767 103991  342.38267   50    8          -  338.87156      -   105  487s
 140165 105669 infeasible   51               -  338.87562      -   105  492s
 142640 108166  339.53950   34   26          -  338.87562      -   105  499s
 145261 108377  352.33928   41   25          -  338.87769      -   104  501s
 145994 110867  343.57169   51    9          -  338.87790      -   104  505s
 149462 113109  341.34509   44    8          -  338.88217      -   104  512s
 153098 113776  341.08252   43   29          -  338.88260      -   104  523s
 153556 115857  339.62043   43   37          -  338.88300      -   104  530s
 156463 118291  340.93989   61   15          -  338.88524      -   103  537s
 159814 120984  339.75962   41   26          -  338.88893      -   103  544s
 163202 122050  341.66826   55    5          -  338.88978      -   103  552s
 164451 124338  341.66826   56    2          -  338.89058      -   102  558s
 167777 125646  339.35839   46   42          -  338.89146      -   102  567s
 169446 127817  339.37819   47   47          -  338.89227      -   102  573s
 172554 130075  341.03921   45   11          -  338.89437      -   102  579s
 172653 130102  339.59235   37   23          -  338.89437      -   102  580s
 175858 132495 infeasible   60               -  338.89452      -   102  587s
 179227 134836  343.60732   57    2          -  338.89516      -   101  593s
 181947 135005  343.60732   54    4          -  338.89710      -   101  595s
 182316 135915  342.39330   46    3          -  338.89765      -   101  603s
 183728 138070  340.58535   51   11          -  338.89768      -   101  609s
 184099 138107  339.39395   35   22          -  338.89768      -   101  610s
 186696 139075  341.01836   48   16          -  338.89893      -   101  618s
 187933 141350  341.17751   49   21          -  338.89893      -   101  624s
 190173 141553  345.22320   52    7          -  338.89905      -   101  625s
 191426 143700  340.48165   52   16          -  338.89905      -   101  631s
 194808 144946  378.96370   55   18          -  338.89905      -   100  641s
 196320 147104  339.13623   44   27          -  338.89912      -   100  648s
*196553 143052              61     368.5641241  338.89912  8.05%   100  648s
 199269 145138  339.87931   35   29  368.56412  338.90119  8.05%   100  654s
 199898 145188  340.54780   48   28  368.56412  338.90202  8.05%   100  655s
 202759 147299  352.76715   44   13  368.56412  338.90517  8.05%   100  662s
 205589 147577  339.62631   38   24  368.56412  338.90517  8.05%   100  665s
 205789 149372  339.98404   33   19  368.56412  338.90517  8.05%   100  670s
 208697 151492  342.31461   49    3  368.56412  338.90799  8.05%   100  677s
 211912 153615 infeasible   52       368.56412  338.91092  8.05%   100  684s
 212015 153626  362.95710   49   19  368.56412  338.91092  8.05%   100  685s
 215184 154054  340.46585   38   13  368.56412  338.91405  8.04%  99.4  695s
 215241 155247  340.50169   39   16  368.56412  338.91405  8.04%  99.4  702s
 217382 157100  346.07617   47    1  368.56412  338.91567  8.04%  99.3  709s
 217781 157158  338.98822   38   35  368.56412  338.91587  8.04%  99.3  710s
 220384 159213  345.13364   50    7  368.56412  338.91888  8.04%  99.2  718s
 222393 159426  340.03538   38   25  368.56412  338.92031  8.04%  99.2  720s
 223450 161444  339.09247   34   29  368.56412  338.92320  8.04%  99.1  726s
 226692 163595  342.36963   42    8  368.56412  338.92602  8.04%  99.0  733s
 229903 165698  339.01579   28   48  368.56412  338.92651  8.04%  99.0  742s
 232937 167929  343.00797   39    1  368.56412  338.93092  8.04%  99.0  750s
 236152 170220  339.20973   27   31  368.56412  338.93231  8.04%  98.9  758s
 239161 172517  342.44396   45   10  368.56412  338.93507  8.04%  98.8  765s
 242355 174634  339.91601   42   24  368.56412  338.93742  8.04%  98.7  773s
 245032 176734  339.55043   34   27  368.56412  338.93791  8.04%  98.8  780s
 248183 179048  339.03382   33   31  368.56412  338.94061  8.04%  98.7  789s
 249427 179223  339.16018   29   30  368.56412  338.94061  8.04%  98.6  790s
*251143 170173              51     357.9371758  338.94165  5.31%  98.6  792s
 251350 171739  341.93403   40    1  357.93718  338.94165  5.31%  98.6  797s
 254370 173904  339.56813   42   34  357.93718  338.94313  5.31%  98.5  806s
 257477 176097  342.47589   47   21  357.93718  338.94354  5.31%  98.4  814s
 260368 176434  343.90815   47    4  357.93718  338.94438  5.31%  98.3  817s
 260454 178163  342.19961   41   13  357.93718  338.94438  5.31%  98.3  822s
 263629 180423  341.27951   43    3  357.93718  338.94591  5.31%  98.1  830s
 266824 182457  340.78572   47   14  357.93718  338.95075  5.30%  97.9  838s
 269707 184478  343.24696   51   15  357.93718  338.95271  5.30%  97.9  846s
 272698 186471  339.05213   40   46  357.93718  338.95394  5.30%  97.8  853s
 274673 186682  339.43737   41   44  357.93718  338.95402  5.30%  97.8  855s
 275560 188382  340.62257   41   28  357.93718  338.95423  5.30%  97.8  861s
 278601 190347  340.52076   49   16  357.93718  338.95604  5.30%  97.7  869s
 279998 190510 infeasible   55       357.93718  338.95604  5.30%  97.6  870s
 281574 192228  340.16417   42   20  357.93718  338.95691  5.30%  97.6  877s
 284359 194134  342.45164   31   22  357.93718  338.95756  5.30%  97.5  885s
 287228 196054 infeasible   58       357.93718  338.95767  5.30%  97.4  893s
 290244 197977  339.90109   45   29  357.93718  338.96182  5.30%  97.3  901s
 293064 199743  339.50792   41   29  357.93718  338.96313  5.30%  97.3  909s
 293379 199768  345.18310   43    8  357.93718  338.96313  5.30%  97.3  910s
 295537 201418  339.68875   42   55  357.93718  338.96535  5.30%  97.3  916s
 298292 203073  343.47768   40   20  357.93718  338.96691  5.30%  97.2  924s
 298537 203109  343.60732   46    -  357.93718  338.96691  5.30%  97.2  925s
 301187 204931  339.57863   37   30  357.93718  338.96876  5.30%  97.1  933s
 303453 205162  341.40682   53    9  357.93718  338.96964  5.30%  97.0  935s
 304076 206665  338.97390   36   50  357.93718  338.97103  5.30%  97.0  941s
 306727 208359  351.15756   50   23  357.93718  338.97244  5.30%  97.0  949s
 307866 208518 infeasible   46       357.93718  338.97256  5.30%  96.9  950s
 309780 210363  342.80149   52   16  357.93718  338.97340  5.30%  96.8  957s
*311809 209434              61     356.8842696  338.97465  5.02%  96.8  959s
 312549 210989     cutoff   48       356.88427  338.97465  5.02%  96.8  965s
 315208 212380  348.80576   50   21  356.88427  338.97632  5.02%  96.8  973s
 317303 213995  341.16242   45   23  356.88427  338.97732  5.02%  96.7  981s
 320042 215881  340.92787   51   24  356.88427  338.97788  5.02%  96.6  988s
 322363 216131  339.70965   32   25  356.88427  338.97888  5.02%  96.6  991s
 322796 217570  346.45676   45    -  356.88427  338.97947  5.02%  96.6  996s
 325534 219205     cutoff   55       356.88427  338.97949  5.02%  96.5 1005s
 327981 220808  339.72021   39   31  356.88427  338.98095  5.02%  96.5 1012s
 330456 222522  339.91088   44   25  356.88427  338.98147  5.02%  96.5 1020s
 333196 224245  339.12970   35   46  356.88427  338.98219  5.02%  96.4 1028s
 335054 224542 infeasible   54       356.88427  338.98230  5.02%  96.3 1030s
 336141 226034  341.03972   38    7  356.88427  338.98301  5.02%  96.3 1037s
 338704 227710  341.69127   40   18  356.88427  338.98324  5.02%  96.3 1045s
 341204 229353     cutoff   56       356.88427  338.98423  5.02%  96.3 1053s
 343599 230967  344.25367   51    4  356.88427  338.98446  5.02%  96.3 1060s
 346208 232833  339.57493   31   40  356.88427  338.98602  5.02%  96.3 1068s
 348868 234573  342.44560   57    6  356.88427  338.98679  5.01%  96.2 1076s
 351107 236189  340.22119   36   28  356.88427  338.98727  5.01%  96.3 1084s
 353626 237779  339.78894   42   23  356.88427  338.98801  5.01%  96.3 1091s
 356145 239305  339.38816   46   40  356.88427  338.98882  5.01%  96.3 1100s
 358612 240984  339.54831   49   17  356.88427  338.98966  5.01%  96.2 1108s
 361299 241489  340.65934   39   24  356.88427  338.99033  5.01%  96.2 1117s
 361610 243017  343.72412   46    9  356.88427  338.99033  5.01%  96.2 1124s
 362843 243140  339.60159   32   28  356.88427  338.99058  5.01%  96.1 1125s
 364249 244648  339.36792   38   32  356.88427  338.99081  5.01%  96.1 1132s
 366769 246322  339.85770   40   22  356.88427  338.99161  5.01%  96.1 1140s
 369162 248105  342.84198   50   17  356.88427  338.99228  5.01%  96.1 1147s
 371573 248356  345.35637   50   15  356.88427  338.99272  5.01%  96.1 1150s
 371905 249660  355.99407   56    -  356.88427  338.99286  5.01%  96.1 1156s
 374526 251182 infeasible   45       356.88427  338.99356  5.01%  96.0 1164s
 375325 251303  343.75872   49    5  356.88427  338.99356  5.01%  96.0 1165s
 377283 252844  339.87109   40   40  356.88427  338.99453  5.01%  95.9 1173s
 379079 253053  341.16837   42   25  356.88427  338.99453  5.01%  95.9 1175s
 379819 253301  339.50227   44   28  356.88427  338.99481  5.01%  95.9 1185s
 380104 254404  339.29859   29   29  356.88427  338.99505  5.01%  95.9 1193s
 382148 255821  341.88089   43   14  356.88427  338.99510  5.01%  95.9 1201s
 384490 257353  347.62024   50   15  356.88427  338.99527  5.01%  95.9 1209s
 386535 257576  340.46093   43   19  356.88427  338.99625  5.01%  95.9 1211s
 386979 257925  344.36018   54    3  356.88427  338.99690  5.01%  95.9 1218s
 387544 259315  339.17490   41   33  356.88427  338.99712  5.01%  95.9 1226s
 390158 260904  343.69915   50   17  356.88427  338.99768  5.01%  95.8 1235s
 392570 262458  353.26294   55    6  356.88427  338.99841  5.01%  95.9 1242s
 394768 263734  340.31595   41   21  356.88427  338.99866  5.01%  95.9 1250s
 397018 265254  352.33177   57    -  356.88427  338.99936  5.01%  95.9 1258s
 399642 266878  339.89336   43   22  356.88427  339.00003  5.01%  95.8 1267s
 402261 268483 infeasible   52       356.88427  339.00043  5.01%  95.8 1275s
 404658 269915  339.26378   31   25  356.88427  339.00110  5.01%  95.8 1284s
 407173 271386  339.19520   36   39  356.88427  339.00187  5.01%  95.8 1292s
 409607 272912  339.71459   41   22  356.88427  339.00245  5.01%  95.8 1300s
 411857 273330  339.03366   38   33  356.88427  339.00315  5.01%  95.8 1309s
 412286 273384  350.79498   51    8  356.88427  339.00325  5.01%  95.8 1310s
 412323 274639  339.13226   39   32  356.88427  339.00325  5.01%  95.8 1317s
 414824 276143  348.09406   46   20  356.88427  339.00408  5.01%  95.7 1325s
 417143 277839  340.16077   45   24  356.88427  339.00476  5.01%  95.7 1334s
 418073 277939 infeasible   53       356.88427  339.00476  5.01%  95.7 1335s
 419522 279427  340.10882   43   38  356.88427  339.00564  5.01%  95.7 1342s
 421895 280757  344.24426   54   13  356.88427  339.00579  5.01%  95.7 1351s
 424533 282232  344.61016   56    4  356.88427  339.00678  5.01%  95.7 1360s
 426849 283740  340.91065   41   20  356.88427  339.00770  5.01%  95.7 1368s
 428320 283891  339.73621   38   31  356.88427  339.00772  5.01%  95.7 1370s
 429089 285110  339.50907   35   35  356.88427  339.00825  5.01%  95.7 1377s
 431384 286697     cutoff   56       356.88427  339.00879  5.01%  95.7 1386s
 433759 288243  346.52610   48   19  356.88427  339.00933  5.01%  95.7 1394s
 435110 288411  339.13629   45   47  356.88427  339.00960  5.01%  95.7 1396s
 436262 288756  340.49376   27   31  356.88427  339.01032  5.01%  95.7 1404s
 436421 288769  339.50586   37   34  356.88427  339.01054  5.01%  95.7 1405s
 436628 289994  339.61200   41   34  356.88427  339.01055  5.01%  95.7 1412s
 438903 291373  339.13032   47   33  356.88427  339.01115  5.01%  95.7 1420s
 441318 292732     cutoff   55       356.88427  339.01218  5.01%  95.7 1429s
 441968 292788  349.60018   54   19  356.88427  339.01254  5.01%  95.7 1430s
 443731 294131  340.71057   39   25  356.88427  339.01304  5.01%  95.7 1438s
 446034 295742  339.56942   56   29  356.88427  339.01416  5.01%  95.7 1447s
 448274 296436  345.77227   31   20  356.88427  339.01430  5.01%  95.7 1456s
 449423 297870  339.15578   31   32  356.88427  339.01430  5.01%  95.7 1464s
 449560 297885  345.19968   51    6  356.88427  339.01430  5.01%  95.7 1465s
 452007 299686  341.92802   42    8  356.88427  339.01506  5.01%  95.7 1474s
 453456 299875  339.28778   32   35  356.88427  339.01506  5.01%  95.7 1475s
 454620 301465  340.12426   39   11  356.88427  339.01506  5.01%  95.7 1483s
 457249 303112  339.13677   31   46  356.88427  339.01506  5.01%  95.6 1493s
 459724 303695  346.79733   47   24  356.88427  339.01512  5.01%  95.6 1502s
 460297 305129  339.69530   32   22  356.88427  339.01512  5.01%  95.6 1510s
 462794 306648  343.57169   41    6  356.88427  339.01512  5.01%  95.6 1520s
 465214 308184  341.44349   39    4  356.88427  339.01623  5.01%  95.6 1529s
 466563 308307  339.02974   39   37  356.88427  339.01623  5.01%  95.6 1530s
 467418 309682  340.43353   42   18  356.88427  339.01654  5.01%  95.6 1538s
 469278 309879  339.70889   33   30  356.88427  339.01655  5.01%  95.6 1540s
 469696 311216  347.11786   48   17  356.88427  339.01695  5.01%  95.6 1547s
 472172 312623  344.21804   49    -  356.88427  339.01747  5.01%  95.6 1556s
 474201 314184  344.86439   52    8  356.88427  339.01781  5.01%  95.7 1564s
 476210 314396  343.72189   41   12  356.88427  339.01787  5.01%  95.7 1566s
 476666 315806  339.40160   31   32  356.88427  339.01787  5.01%  95.7 1573s
 478657 316047  343.60732   59    4  356.88427  339.01847  5.01%  95.6 1575s
 479222 317368  339.18776   42   29  356.88427  339.01860  5.01%  95.6 1583s
 481650 318094  342.29838   37   23  356.88427  339.01860  5.01%  95.6 1592s
 482523 319326  352.84902   48    8  356.88427  339.01863  5.01%  95.6 1601s
 484726 320092  339.28902   39   25  356.88427  339.01912  5.01%  95.6 1612s
 485559 321385  341.66826   53    -  356.88427  339.01936  5.01%  95.6 1621s
 487918 322934  339.57573   37   28  356.88427  339.01936  5.01%  95.6 1630s
 490045 324415  342.31461   52    8  356.88427  339.01952  5.01%  95.7 1639s
 491444 324589  339.60237   41   24  356.88427  339.01974  5.01%  95.7 1641s
 492530 325878  339.83341   44   28  356.88427  339.01974  5.01%  95.7 1648s
 494221 326022  339.60729   45   31  356.88427  339.02058  5.01%  95.7 1650s
 494521 327270  340.01569   47   27  356.88427  339.02058  5.01%  95.7 1657s
 496877 328600  339.82655   43   34  356.88427  339.02157  5.01%  95.7 1666s
 499153 329112  341.29948   48    9  356.88427  339.02219  5.01%  95.7 1677s
 499726 330403  342.06483   41   13  356.88427  339.02219  5.01%  95.7 1685s
 502261 331638  346.73219   56    6  356.88427  339.02289  5.00%  95.7 1695s
 504970 333197 infeasible   56       356.88427  339.02354  5.00%  95.7 1705s
 507328 334759  339.96880   33   24  356.88427  339.02354  5.00%  95.6 1715s
 509841 336393  341.45920   53   19  356.88427  339.02428  5.00%  95.6 1725s
 512136 337932 infeasible   44       356.88427  339.02484  5.00%  95.7 1734s
 512646 337987  341.76692   49   28  356.88427  339.02498  5.00%  95.7 1735s
 514483 339363  344.42741   52    3  356.88427  339.02534  5.00%  95.7 1745s
 516813 340820  339.25075   40   33  356.88427  339.02562  5.00%  95.7 1755s
 519177 342243  342.82969   43   25  356.88427  339.02629  5.00%  95.6 1764s
 521544 342772     cutoff   43       356.88427  339.02706  5.00%  95.6 1774s
 521626 342779  351.78453   54    4  356.88427  339.02710  5.00%  95.6 1775s
 522183 343188  340.22433   38   24  356.88427  339.02710  5.00%  95.6 1785s
 522872 344461  340.52041   39   18  356.88427  339.02712  5.00%  95.6 1795s
 525270 346167  347.95126   47    6  356.88427  339.02761  5.00%  95.6 1804s
 525487 346181  339.70462   44   28  356.88427  339.02776  5.00%  95.6 1805s
 527787 347621  339.15744   44   24  356.88427  339.02808  5.00%  95.6 1815s
 530124 349080  343.57169   45    4  356.88427  339.02829  5.00%  95.6 1824s
 530411 349104     cutoff   43       356.88427  339.02829  5.00%  95.6 1825s
 532364 350610  339.62922   42   26  356.88427  339.02868  5.00%  95.6 1834s
 532786 350658  339.47332   39   32  356.88427  339.02868  5.00%  95.6 1835s
 534789 352241  354.16595   57    -  356.88427  339.02916  5.00%  95.6 1844s
 537159 353727  340.90052   48   38  356.88427  339.02957  5.00%  95.6 1854s
 539360 355393  342.78760   42   21  356.88427  339.02957  5.00%  95.6 1863s
 540487 355507  340.03276   46   32  356.88427  339.02957  5.00%  95.6 1865s
 541818 356702  339.88337   50   24  356.88427  339.03057  5.00%  95.6 1873s
 543179 356854  348.36018   46    -  356.88427  339.03057  5.00%  95.6 1875s
 544152 357178  340.04968   30   12  356.88427  339.03057  5.00%  95.6 1884s
 544506 357211  339.55233   42   18  356.88427  339.03057  5.00%  95.6 1885s
 544642 358431  340.91890   36   10  356.88427  339.03057  5.00%  95.6 1893s
 546964 360012  353.22839   59   10  356.88427  339.03171  5.00%  95.6 1903s
 549493 361540  339.69733   40   22  356.88427  339.03197  5.00%  95.6 1913s
 551575 362967  344.24696   44   29  356.88427  339.03257  5.00%  95.6 1922s
 553956 364414 infeasible   41       356.88427  339.03271  5.00%  95.6 1931s
 556264 365962 infeasible   59       356.88427  339.03278  5.00%  95.6 1942s
 558661 367436  339.77743   38   24  356.88427  339.03278  5.00%  95.6 1952s
 561150 369144  341.27240   48   12  356.88427  339.03437  5.00%  95.6 1963s
 563639 370354  340.13738   46   23  356.88427  339.03477  5.00%  95.6 1973s
 566343 370927  340.05950   40   23  356.88427  339.03477  5.00%  95.5 1985s
 566830 372136  340.38268   41   22  356.88427  339.03477  5.00%  95.5 1995s
 568749 373476  340.07901   47   27  356.88427  339.03538  5.00%  95.6 2004s
 569361 373530  339.40204   41   20  356.88427  339.03542  5.00%  95.5 2005s
 571059 374872 infeasible   51       356.88427  339.03542  5.00%  95.5 2014s
 572061 374984  339.20607   45   36  356.88427  339.03600  5.00%  95.5 2015s
 573445 375498  340.73389   49   23  356.88427  339.03610  5.00%  95.5 2027s
H573485 375498                     356.8842682  339.03610  5.00%  95.5 2027s
 574137 376657  341.31219   50   20  356.88427  339.03610  5.00%  95.5 2036s
 576153 378044     cutoff   47       356.88427  339.03737  5.00%  95.5 2046s
 578285 379337  349.08977   52    7  356.88427  339.03754  5.00%  95.5 2056s
 580840 380743  342.96097   54    -  356.88427  339.03845  5.00%  95.5 2067s
 583244 382095  354.88062   56    5  356.88427  339.03899  5.00%  95.5 2078s
 584253 382210  342.24402   55   11  356.88427  339.03927  5.00%  95.5 2080s
 585259 382633  340.93909   46   12  356.88427  339.03929  5.00%  95.5 2089s
 585954 383923  340.98967   38   12  356.88427  339.03945  5.00%  95.5 2099s
 586959 384020  341.66826   51    6  356.88427  339.03945  5.00%  95.5 2100s
 588284 385376 infeasible   52       356.88427  339.03945  5.00%  95.5 2109s
 588611 385409  339.23707   41   32  356.88427  339.03945  5.00%  95.5 2110s
 590489 386804  339.39554   35   34  356.88427  339.04004  5.00%  95.5 2119s
 590863 386850  340.34507   40   28  356.88427  339.04004  5.00%  95.5 2120s
 592869 388197  339.11680   44   37  356.88427  339.04089  5.00%  95.5 2130s
 595354 389467  339.62845   51   35  356.88427  339.04180  5.00%  95.5 2142s
 597912 391024  340.57891   41   22  356.88427  339.04215  5.00%  95.5 2153s
 600293 391715  352.22306   55    4  356.88427  339.04301  5.00%  95.5 2163s
 601299 392935  340.80783   32   17  356.88427  339.04312  5.00%  95.4 2173s
 603665 393611  339.62801   49   37  356.88427  339.04362  5.00%  95.5 2184s
 604393 393692  348.80895   56   18  356.88427  339.04377  5.00%  95.4 2185s
 604501 394780  339.63368   50   35  356.88427  339.04377  5.00%  95.4 2194s
 606309 394956  345.18187   48    9  356.88427  339.04391  5.00%  95.4 2195s
 606690 396194     cutoff   53       356.88427  339.04470  5.00%  95.4 2204s
 607565 396285  351.21138   44   33  356.88427  339.04472  5.00%  95.4 2205s
 609016 397770 infeasible   53       356.88427  339.04512  5.00%  95.4 2215s
 611404 399272  340.44131   43   11  356.88427  339.04512  5.00%  95.4 2226s
 613450 400729  339.50068   36   28  356.88427  339.04576  5.00%  95.5 2235s
 615537 401267  340.04219   52   27  356.88427  339.04630  5.00%  95.5 2251s
 616269 402456  339.63843   52   24  356.88427  339.04652  5.00%  95.5 2262s
 618724 403891  342.77573   45   11  356.88427  339.04672  5.00%  95.4 2274s
 619016 403936  351.47001   48   20  356.88427  339.04672  5.00%  95.4 2275s
 621081 404706  340.01362   34   22  356.88427  339.04731  5.00%  95.4 2285s
 622038 405933  339.23775   33   29  356.88427  339.04775  5.00%  95.4 2295s
 624320 407286  342.49473   42   26  356.88427  339.04792  5.00%  95.4 2306s
 626679 408763  341.11473   44   13  356.88427  339.04858  5.00%  95.4 2317s
 629152 410309  339.87004   46   23  356.88427  339.04928  5.00%  95.4 2328s
 631693 411797 infeasible   48       356.88427  339.04946  5.00%  95.4 2339s
 632266 411869  339.99692   43   28  356.88427  339.04946  5.00%  95.4 2340s
 633897 413037  351.23559   58    5  356.88427  339.05009  5.00%  95.4 2350s
 636253 413623  342.32828   46   20  356.88427  339.05009  5.00%  95.4 2362s
 636704 414864  342.56567   47   27  356.88427  339.05062  5.00%  95.4 2372s
 638930 416033  339.76916   39   18  356.88427  339.05121  5.00%  95.4 2383s
 640936 416326  339.98017   43   18  356.88427  339.05151  5.00%  95.4 2385s
 641611 417616  344.67714   52    9  356.88427  339.05182  5.00%  95.3 2395s
 644021 419133  342.52103   40   18  356.88427  339.05223  5.00%  95.3 2407s
 646198 420545  341.28077   44   33  356.88427  339.05273  5.00%  95.3 2417s
 648597 421941  339.28413   37   36  356.88427  339.05314  5.00%  95.3 2429s
 649305 422028 infeasible   48       356.88427  339.05314  5.00%  95.3 2430s
 651031 423310  340.56203   45   19  356.88427  339.05388  5.00%  95.3 2441s
 653264 424714  339.57023   45   36  356.88427  339.05448  5.00%  95.3 2452s
 655534 426235  339.58745   41   21  356.88427  339.05520  5.00%  95.3 2463s
 657457 426426 infeasible   55       356.88427  339.05520  5.00%  95.2 2465s
 657876 427765  339.21278   33   26  356.88427  339.05569  5.00%  95.2 2474s
 659508 427917  343.45473   47   37  356.88427  339.05595  5.00%  95.2 2475s
 660246 428449  350.04415   40   38  356.88427  339.05601  5.00%  95.2 2484s
 660621 428488  352.02953   58    3  356.88427  339.05601  5.00%  95.2 2485s
 661234 429703  350.19319   39   30  356.88427  339.05601  5.00%  95.2 2495s
 663539 431100  339.49060   49   29  356.88427  339.05651  5.00%  95.2 2506s
 665988 431703  339.47667   42   23  356.88427  339.05757  5.00%  95.2 2525s
 666722 432950  339.52221   43   45  356.88427  339.05757  5.00%  95.2 2536s
 668799 434374  342.22349   48   32  356.88427  339.05804  4.99%  95.2 2547s
 671044 435782  340.04451   44   27  356.88427  339.05880  4.99%  95.2 2559s
 673199 436011  351.25902   52   26  356.88427  339.05896  4.99%  95.2 2561s
 673488 437250  340.25708   44   22  356.88427  339.05922  4.99%  95.2 2571s
 675839 437814  342.67047   39   13  356.88427  339.06005  4.99%  95.1 2582s
 676464 439074  340.91879   48   13  356.88427  339.06009  4.99%  95.1 2593s
 678791 440366  349.82578   45   21  356.88427  339.06067  4.99%  95.1 2604s
 679662 440450  345.70179   40   18  356.88427  339.06091  4.99%  95.2 2605s
 680884 441779  350.91526   48   42  356.88427  339.06112  4.99%  95.2 2615s
 683299 443241  341.82718   40   13  356.88427  339.06200  4.99%  95.1 2627s
 684926 443451  341.72171   42   39  356.88427  339.06204  4.99%  95.1 2630s
 685766 444586  339.87043   38   19  356.88427  339.06215  4.99%  95.1 2640s
 688410 446225 infeasible   53       356.88427  339.06306  4.99%  95.1 2652s
 690774 447714  342.39945   55    6  356.88427  339.06358  4.99%  95.0 2664s
 691570 447817  343.37746   47   34  356.88427  339.06380  4.99%  95.0 2665s
 693221 449295  348.59171   53    7  356.88427  339.06408  4.99%  95.0 2676s
 695422 450093  348.38138   47    -  356.88427  339.06430  4.99%  95.0 2687s
 696613 451612  339.65764   37   25  356.88427  339.06438  4.99%  95.0 2698s
 697980 451751  339.07517   39   45  356.88427  339.06438  4.99%  95.0 2700s
 699109 453187  343.96380   55    -  356.88427  339.06494  4.99%  95.0 2710s
 701360 454696  343.83745   49    1  356.88427  339.06542  4.99%  95.0 2722s
 703644 456087  343.06789   46    7  356.88427  339.06575  4.99%  95.0 2733s
 705972 457365  339.19848   30   40  356.88427  339.06651  4.99%  95.0 2745s
 708286 458829  345.33093   47   12  356.88427  339.06692  4.99%  95.0 2758s
 710735 459346  344.65540   50    1  356.88427  339.06774  4.99%  94.9 2769s
 710779 459356  344.09014   38   21  356.88427  339.06774  4.99%  94.9 2770s
 711294 459710  342.01308   46    3  356.88427  339.06774  4.99%  94.9 2786s
 711879 460864  339.20917   29   34  356.88427  339.06780  4.99%  94.9 2796s
 713925 462029  343.73052   52   14  356.88427  339.06789  4.99%  95.0 2809s
 714750 462135  340.53548   45   13  356.88427  339.06830  4.99%  95.0 2810s
 716657 463719  340.52717   35   18  356.88427  339.06900  4.99%  94.9 2822s
 718951 465136  339.35267   27   25  356.88427  339.06932  4.99%  94.9 2834s
 721299 466598  339.63767   37   21  356.88427  339.06945  4.99%  94.9 2846s
 723646 467924  348.93146   48   32  356.88427  339.07010  4.99%  94.9 2858s
 725381 468142  351.10578   53    8  356.88427  339.07031  4.99%  94.8 2860s
 726204 469470  352.48081   49    -  356.88427  339.07072  4.99%  94.8 2870s
 728556 470803  339.74843   46   28  356.88427  339.07092  4.99%  94.8 2882s
 730775 471421  355.49134   53    6  356.88427  339.07092  4.99%  94.8 2894s
 731375 471497  340.96133   44   20  356.88427  339.07092  4.99%  94.8 2895s
 731599 472681  339.19652   38   37  356.88427  339.07092  4.99%  94.8 2905s
 733941 474178     cutoff   54       356.88427  339.07094  4.99%  94.8 2918s
 736013 475326  340.14393   43   25  356.88427  339.07254  4.99%  94.8 2929s
 736728 475415  341.25763   35   17  356.88427  339.07254  4.99%  94.8 2930s
 738553 476725  343.38073   59   18  356.88427  339.07286  4.99%  94.8 2942s
 740748 478028  339.21465   41   35  356.88427  339.07316  4.99%  94.8 2954s
 740891 478049  339.62963   48   35  356.88427  339.07319  4.99%  94.8 2955s
 743069 479558  341.34622   45   23  356.88427  339.07387  4.99%  94.8 2967s
 745563 481094  340.31817   47   23  356.88427  339.07395  4.99%  94.8 2979s
 746167 481162  340.57382   33   19  356.88427  339.07395  4.99%  94.7 2980s
 747876 482589     cutoff   51       356.88427  339.07395  4.99%  94.8 2991s
 750356 483318  344.21804   51    -  356.88427  339.07465  4.99%  94.7 3003s
 751204 483440  340.82634   46   22  356.88427  339.07484  4.99%  94.7 3005s
 751299 484692  342.74438   56    3  356.88427  339.07484  4.99%  94.7 3015s
 753515 486058  339.73225   41   17  356.88427  339.07536  4.99%  94.7 3027s
 755898 486806  341.16316   47   16  356.88427  339.07539  4.99%  94.7 3047s
 756869 488079  340.20907   48   13  356.88427  339.07555  4.99%  94.7 3059s
 758725 488256  356.40720   43   12  356.88427  339.07600  4.99%  94.7 3061s
 759211 489547  339.08273   28   37  356.88427  339.07600  4.99%  94.7 3071s
 761673 491089  344.21804   52    -  356.88427  339.07643  4.99%  94.7 3084s
 762779 491210  348.53558   53   32  356.88427  339.07660  4.99%  94.7 3085s
 763859 492410  353.87841   55    9  356.88427  339.07691  4.99%  94.7 3096s
 766106 493072  339.90818   38   19  356.88427  339.07733  4.99%  94.7 3108s
 766920 494431  339.87049   45   21  356.88427  339.07737  4.99%  94.7 3120s
 769321 496054  339.60140   41   26  356.88427  339.07783  4.99%  94.7 3135s
 771587 497527  339.09098   39   46  356.88427  339.07818  4.99%  94.7 3147s
 773743 498807  340.29814   41   22  356.88427  339.07857  4.99%  94.7 3159s
 775954 500269  342.63504   42   24  356.88427  339.07887  4.99%  94.7 3171s
 778302 501617  339.58927   45   35  356.88427  339.07933  4.99%  94.7 3184s
 779537 501740  341.34332   55   29  356.88427  339.07933  4.99%  94.7 3185s
 780283 502970  342.96097   41    -  356.88427  339.07964  4.99%  94.7 3196s
 782571 504263  339.63797   31   25  356.88427  339.08010  4.99%  94.7 3208s
 783608 504438  344.21804   49    -  356.88427  339.08010  4.99%  94.7 3210s
 784915 504962  340.06489   44   34  356.88427  339.08010  4.99%  94.7 3222s
 785676 506265  340.58239   45   27  356.88427  339.08029  4.99%  94.7 3234s
 786774 506375  339.31434   37   35  356.88427  339.08051  4.99%  94.7 3235s
 787812 507091     cutoff   46       356.88427  339.08088  4.99%  94.7 3256s
 788824 508300     cutoff   43       356.88427  339.08092  4.99%  94.7 3269s
 790822 509771  344.76071   37   19  356.88427  339.08109  4.99%  94.7 3281s
 792898 511027  343.25953   52    9  356.88427  339.08138  4.99%  94.7 3293s
 795554 512396  339.13328   38   34  356.88427  339.08140  4.99%  94.7 3306s
 797723 513746  339.56838   44   34  356.88427  339.08191  4.99%  94.7 3318s
 799982 515056  339.46052   39   33  356.88427  339.08218  4.99%  94.7 3332s
 802232 515734  339.20671   33   32  356.88427  339.08260  4.99%  94.7 3344s
 802671 515784  345.47581   46   13  356.88427  339.08263  4.99%  94.7 3345s
 803060 517036  339.29243   34   23  356.88427  339.08263  4.99%  94.7 3356s
 805027 518262  340.83010   44   18  356.88427  339.08276  4.99%  94.7 3368s
 806764 519458  342.25028   46   16  356.88427  339.08276  4.99%  94.8 3379s
 807140 519500  339.24329   32   38  356.88427  339.08276  4.99%  94.8 3380s
 808940 520857  350.69414   49   25  356.88427  339.08276  4.99%  94.8 3392s
 811315 522413  340.28529   44   19  356.88427  339.08368  4.99%  94.7 3405s
 813529 523687  349.73431   52   12  356.88427  339.08401  4.99%  94.7 3418s
 815666 525210  339.70509   47   31  356.88427  339.08405  4.99%  94.8 3431s
 818037 526631  339.42414   35   31  356.88427  339.08440  4.99%  94.7 3444s
 820183 527293  341.52142   44   21  356.88427  339.08455  4.99%  94.7 3456s
 820982 528502  340.14976   51   29  356.88427  339.08455  4.99%  94.8 3468s
 822520 528691  341.28757   47   18  356.88427  339.08501  4.99%  94.7 3470s
 823240 529251  340.36829   44   25  356.88427  339.08519  4.99%  94.8 3482s
 824172 530421  342.88827   50   10  356.88427  339.08527  4.99%  94.7 3494s
 824696 530465  355.10230   47   13  356.88427  339.08527  4.99%  94.7 3495s
 826423 531529  341.28762   44    4  356.88427  339.08574  4.99%  94.7 3509s
 826657 531546  342.91213   56   13  356.88427  339.08574  4.99%  94.7 3510s
 827984 532905 infeasible   54       356.88427  339.08575  4.99%  94.7 3523s
 830454 534211  339.88568   41   40  356.88427  339.08590  4.99%  94.7 3536s
 832730 535586  343.22673   50    1  356.88427  339.08591  4.99%  94.7 3549s
 833096 535609     cutoff   46       356.88427  339.08627  4.99%  94.7 3550s
 835045 536331  341.75263   48   14  356.88427  339.08645  4.99%  94.7 3563s
 835736 536416  343.56821   52    7  356.88427  339.08645  4.99%  94.7 3565s
 835919 537698  342.31461   43    6  356.88427  339.08645  4.99%  94.7 3576s
 838149 538788  345.27932   56    5  356.88427  339.08694  4.99%  94.7 3590s
 839934 540121  339.25962   43   26  356.88427  339.08715  4.99%  94.7 3603s
 842203 541503  339.22943   41   28  356.88427  339.08757  4.99%  94.7 3616s
 844545 542739  339.28038   36   38  356.88427  339.08787  4.99%  94.7 3629s
 844621 542752  340.07184   37   27  356.88427  339.08787  4.99%  94.7 3630s
 847126 544195  341.03491   44   12  356.88427  339.08813  4.99%  94.6 3645s
 849441 545559  339.15565   34   32  356.88427  339.08882  4.99%  94.6 3658s
 851776 546901  348.07553   50   32  356.88427  339.08913  4.99%  94.6 3671s
 854041 547702  344.63325   46   24  356.88427  339.08948  4.99%  94.6 3684s
 854260 547730  346.49239   52    -  356.88427  339.08948  4.99%  94.6 3685s
 855138 548633 infeasible   53       356.88427  339.08948  4.99%  94.6 3699s
 855508 548689  339.57114   39   26  356.88427  339.08948  4.99%  94.6 3700s
 856766 549953  339.59603   26   34  356.88427  339.08948  4.99%  94.6 3713s
 858826 550168  341.86692   58   21  356.88427  339.09001  4.99%  94.6 3715s
 858916 551267  339.72685   50   32  356.88427  339.09005  4.99%  94.6 3726s
 860962 552390  341.66826   48    2  356.88427  339.09043  4.99%  94.6 3738s
 862562 552638  343.14450   48   24  356.88427  339.09046  4.99%  94.6 3740s
 863480 553941 infeasible   52       356.88427  339.09075  4.99%  94.6 3752s
 865598 555259  342.27859   51    5  356.88427  339.09105  4.99%  94.6 3765s
 867669 555800  341.28246   50    9  356.88427  339.09126  4.99%  94.6 3777s
 868363 556862  340.09204   38   18  356.88427  339.09126  4.99%  94.6 3791s
 870448 557831  345.70520   50    9  356.88427  339.09126  4.99%  94.6 3810s
 871984 559189  341.43266   37   40  356.88427  339.09174  4.99%  94.6 3823s
 873515 559327  339.36874   39   24  356.88427  339.09207  4.99%  94.6 3825s
 874063 560509  343.55384   45   25  356.88427  339.09223  4.99%  94.6 3837s
 876327 561813  339.85637   40   31  356.88427  339.09233  4.99%  94.6 3851s
 878545 563111  339.46322   43   32  356.88427  339.09286  4.99%  94.6 3864s
 880685 564493  341.29616   42   14  356.88427  339.09338  4.99%  94.6 3877s
 882845 565835  350.31837   46   39  356.88427  339.09346  4.99%  94.6 3891s
 884985 566516  350.21001   43   19  356.88427  339.09373  4.98%  94.6 3904s
 885419 566543  343.57169   53    2  356.88427  339.09373  4.98%  94.6 3905s
 885651 567436  352.34690   45   11  356.88427  339.09373  4.98%  94.6 3919s
 886701 567520  341.65524   45   37  356.88427  339.09373  4.98%  94.6 3920s
 887261 568785  343.57169   51    7  356.88427  339.09393  4.98%  94.6 3933s
 889484 569990  346.42564   40   23  356.88427  339.09422  4.98%  94.6 3946s
 891759 571322  339.37634   37   27  356.88427  339.09455  4.98%  94.6 3960s
 893925 572628  342.88823   54   14  356.88427  339.09481  4.98%  94.6 3974s
 896149 574164  340.27973   47   36  356.88427  339.09526  4.98%  94.6 3988s
 898364 575509  339.41745   39   26  356.88427  339.09571  4.98%  94.6 4001s
 900655 576893  339.26868   35   38  356.88427  339.09581  4.98%  94.6 4016s
 903077 577997  342.59040   53   31  356.88427  339.09632  4.98%  94.5 4033s
 904633 578182  339.67261   28   14  356.88427  339.09636  4.98%  94.5 4036s
 904804 578511  339.55553   46   23  356.88427  339.09636  4.98%  94.5 4048s
 905618 579583  348.35338   48   32  356.88427  339.09653  4.98%  94.5 4062s
 907948 580920  342.00746   43    8  356.88427  339.09710  4.98%  94.5 4076s
 910289 582324  349.40291   41   16  356.88427  339.09771  4.98%  94.5 4090s
 912759 583741  343.19110   53    1  356.88427  339.09810  4.98%  94.5 4104s
 913478 583830  340.84373   38   26  356.88427  339.09820  4.98%  94.5 4105s
 915097 585158  342.58707   54   16  356.88427  339.09827  4.98%  94.5 4119s
 917289 586481  341.37680   51   13  356.88427  339.09902  4.98%  94.4 4133s
 919260 587805  339.93006   44   22  356.88427  339.09904  4.98%  94.5 4146s
 921431 588805  352.52699   60    7  356.88427  339.09959  4.98%  94.4 4160s
 923165 589497  340.62782   47   16  356.88427  339.09976  4.98%  94.4 4175s
 924131 590775  339.81422   40   21  356.88427  339.09986  4.98%  94.4 4188s
 925235 590884  342.91041   47   22  356.88427  339.09987  4.98%  94.4 4190s
 926136 592036  339.12443   40   45  356.88427  339.10024  4.98%  94.5 4203s
 928355 593315  341.09526   45   26  356.88427  339.10051  4.98%  94.5 4217s
 930698 594856  339.20027   34   42  356.88427  339.10091  4.98%  94.4 4231s
 932649 596008  343.22673   53    1  356.88427  339.10091  4.98%  94.5 4244s
 932891 596038  352.34372   44   26  356.88427  339.10091  4.98%  94.5 4245s
 934933 597032  342.76867   51   12  356.88427  339.10091  4.98%  94.5 4260s
 936601 597721  353.08855   63    -  356.88427  339.10091  4.98%  94.5 4274s
 937356 597805  341.66826   42   15  356.88427  339.10091  4.98%  94.5 4275s
 937637 598979  339.48393   39   33  356.88427  339.10091  4.98%  94.5 4288s
 939938 600370  346.56730   55    9  356.88427  339.10193  4.98%  94.5 4302s
 942312 601760  342.93796   45   14  356.88427  339.10241  4.98%  94.4 4317s
 944552 603181  341.11778   44   10  356.88427  339.10264  4.98%  94.4 4331s
 946652 604281  341.25349   42   16  356.88427  339.10266  4.98%  94.4 4355s
 948435 605689  339.38112   41   34  356.88427  339.10266  4.98%  94.4 4371s
 950419 606280  339.83566   45   22  356.88427  339.10348  4.98%  94.4 4385s
 951106 607602  339.42685   38   22  356.88427  339.10353  4.98%  94.4 4399s
 951740 607703  339.21044   36   32  356.88427  339.10354  4.98%  94.4 4400s
 953306 609204  342.31461   63    -  356.88427  339.10381  4.98%  94.4 4414s
 953925 609277  353.49236   44   11  356.88427  339.10381  4.98%  94.4 4415s
 955725 610728  352.38318   57    3  356.88427  339.10381  4.98%  94.4 4429s
 956541 610839  340.52549   42   27  356.88427  339.10381  4.98%  94.4 4430s
 958138 612289  339.26894   33   25  356.88427  339.10429  4.98%  94.4 4444s
 960374 613678  339.85814   45   24  356.88427  339.10454  4.98%  94.4 4459s
 962722 615009  354.77788   52    9  356.88427  339.10476  4.98%  94.4 4473s
 964951 616503  339.87463   41   31  356.88427  339.10501  4.98%  94.3 4488s
 967215 617667  340.71466   45   18  356.88427  339.10559  4.98%  94.3 4504s
 969049 618333  343.60732   48   13  356.88427  339.10571  4.98%  94.3 4519s
 969235 618345  349.87723   55   23  356.88427  339.10571  4.98%  94.3 4520s
 969997 619563  353.87609   52    -  356.88427  339.10581  4.98%  94.3 4533s
 971401 619708  340.49925   47   11  356.88427  339.10596  4.98%  94.3 4535s
 971980 620920 infeasible   47       356.88427  339.10618  4.98%  94.3 4548s
 974434 622495  339.78330   38   21  356.88427  339.10618  4.98%  94.3 4563s
 976610 623836  343.19100   39    3  356.88427  339.10658  4.98%  94.3 4577s
 979038 625285  339.43365   36   26  356.88427  339.10678  4.98%  94.3 4592s
 981276 626440  344.21804   46    4  356.88427  339.10685  4.98%  94.3 4614s
 981892 626523  339.31152   43   29  356.88427  339.10685  4.98%  94.2 4615s
 983601 627172  339.73622   38   24  356.88427  339.10741  4.98%  94.2 4630s
 984769 628407  339.41696   46   24  356.88427  339.10746  4.98%  94.2 4645s
 986748 629685  341.79845   56   21  356.88427  339.10786  4.98%  94.2 4659s
 986865 629694  348.34687   50    9  356.88427  339.10786  4.98%  94.2 4660s
 988785 630719  341.31123   50   16  356.88427  339.10812  4.98%  94.2 4674s
 990532 631967  354.53038   46   16  356.88427  339.10830  4.98%  94.2 4690s
 992728 633407  349.16800   43   25  356.88427  339.10873  4.98%  94.2 4705s
 994942 634646  340.45406   45   35  356.88427  339.10889  4.98%  94.2 4720s
 997071 635405  342.96097   57    4  356.88427  339.10920  4.98%  94.2 4734s
 998077 636670  341.77730   46   37  356.88427  339.10928  4.98%  94.2 4748s
 999170 636781  339.54739   35   42  356.88427  339.10932  4.98%  94.2 4750s
 1000126 637682  339.12637   38   36  356.88427  339.10934  4.98%  94.2 4765s
H1000273 637711                     356.8842682  339.10934  4.98%  94.2 4765s
 1001829 638623  340.70263   40   29  356.88427  339.10963  4.98%  94.2 4784s
 1002785 638730  339.57093   37   22  356.88427  339.10972  4.98%  94.2 4785s
 1003315 639807  342.56573   46   13  356.88427  339.10972  4.98%  94.2 4799s
 1003837 639851  342.96097   50    -  356.88427  339.10972  4.98%  94.2 4800s
 1005265 641212  339.60209   42   40  356.88427  339.11013  4.98%  94.2 4814s
 1006101 641314  343.02992   43    3  356.88427  339.11013  4.98%  94.2 4815s
 1007569 642626  339.38022   39   37  356.88427  339.11042  4.98%  94.2 4830s
 1009786 643385  340.75251   47   13  356.88427  339.11084  4.98%  94.2 4844s
 1010779 644632  339.77298   41   23  356.88427  339.11088  4.98%  94.2 4860s
 1013047 645836  339.67922   28   21  356.88427  339.11117  4.98%  94.2 4876s
 1014867 647158  343.72170   36   20  356.88427  339.11136  4.98%  94.2 4892s
 1017072 648457  339.23500   42   41  356.88427  339.11163  4.98%  94.2 4907s
 1019265 649840  355.88308   52    1  356.88427  339.11210  4.98%  94.2 4923s
 1021442 651261  340.94292   40   20  356.88427  339.11224  4.98%  94.2 4940s
 1023644 652566  339.33335   42   26  356.88427  339.11258  4.98%  94.2 4956s
 1025500 653403  342.96097   55    -  356.88427  339.11262  4.98%  94.2 4972s
 1026655 654546  343.74032   50    3  356.88427  339.11262  4.98%  94.1 4987s
 1028813 655731  340.75622   39   17  356.88427  339.11262  4.98%  94.1 5002s
 1031284 657066     cutoff   46       356.88427  339.11320  4.98%  94.1 5019s
 1033416 658343  339.71391   35   24  356.88427  339.11330  4.98%  94.1 5034s
 1033605 658375 infeasible   52       356.88427  339.11330  4.98%  94.1 5035s
 1035447 659426  341.22426   55    8  356.88427  339.11365  4.98%  94.1 5055s
 1037241 660817  339.76840   38   25  356.88427  339.11378  4.98%  94.1 5071s
 1039280 662142  339.50150   44   27  356.88427  339.11402  4.98%  94.1 5087s
 1041453 663398 infeasible   47       356.88427  339.11429  4.98%  94.1 5104s
 1042084 663452  344.35896   51   16  356.88427  339.11429  4.98%  94.1 5105s
 1043479 664673  339.66703   40   33  356.88427  339.11429  4.98%  94.1 5120s
 1045444 665252 infeasible   55       356.88427  339.11465  4.98%  94.1 5134s
 1045852 665278  339.14497   39   43  356.88427  339.11465  4.98%  94.1 5135s
 1046435 666177  339.90946   40   26  356.88427  339.11465  4.98%  94.1 5161s
 1047876 667525  339.86515   40   20  356.88427  339.11501  4.98%  94.1 5177s
 1049977 668192  340.85324   41   16  356.88427  339.11519  4.98%  94.1 5191s
 1050820 669469  340.16088   41   30  356.88427  339.11522  4.98%  94.2 5207s
 1052971 670738  341.17151   43   25  356.88427  339.11540  4.98%  94.1 5222s
 1055165 671968  339.38250   44   23  356.88427  339.11573  4.98%  94.1 5238s
 1057423 673540  339.36340   41   39  356.88427  339.11573  4.98%  94.1 5255s
 1059524 674591  345.89374   48   12  356.88427  339.11617  4.98%  94.1 5272s
 1061025 674756  348.36018   46    -  356.88427  339.11621  4.98%  94.1 5275s
 1061354 675207  339.45214   41   21  356.88427  339.11629  4.98%  94.1 5288s
 1062004 675289  346.51940   43   29  356.88427  339.11637  4.98%  94.1 5290s
 1062254 676364  339.45713   42   18  356.88427  339.11637  4.98%  94.1 5304s
 1064133 676530  339.49057   41   25  356.88427  339.11663  4.98%  94.1 5306s
 1064494 677619  340.13983   42   21  356.88427  339.11674  4.98%  94.1 5319s
 1064779 677647 infeasible   52       356.88427  339.11674  4.98%  94.1 5320s
 1066641 679038  341.38038   43   12  356.88427  339.11721  4.98%  94.1 5334s
 1067122 679083  339.60968   42   25  356.88427  339.11721  4.98%  94.1 5335s
 1068855 680395  339.35179   37   36  356.88427  339.11731  4.98%  94.1 5350s
 1071098 681563  339.54594   39   27  356.88427  339.11770  4.98%  94.1 5366s
 1072754 682201  339.68246   46   31  356.88427  339.11788  4.98%  94.1 5382s
 1073774 683336  339.12131   36   51  356.88427  339.11788  4.98%  94.1 5398s
 1076072 684510  339.82116   47   24  356.88427  339.11798  4.98%  94.1 5414s
 1076468 684549  339.74889   46   20  356.88427  339.11798  4.98%  94.1 5415s
 1078263 685839  339.81742   40   26  356.88427  339.11809  4.98%  94.1 5430s
 1080455 687087  351.34502   49   15  356.88427  339.11813  4.98%  94.1 5450s
 1082340 688331  344.85271   48   20  356.88427  339.11882  4.98%  94.1 5466s
 1084653 689089  340.42566   45   16  356.88427  339.11900  4.98%  94.1 5482s
 1085641 690070  339.50832   39   28  356.88427  339.11913  4.98%  94.1 5498s
 1087369 690256     cutoff   43       356.88427  339.11932  4.98%  94.1 5502s
 1087480 691240  339.61360   45   21  356.88427  339.11942  4.98%  94.1 5515s
 1089434 692320  340.96992   38   22  356.88427  339.11944  4.98%  94.1 5531s
 1091675 693593     cutoff   57       356.88427  339.11982  4.98%  94.1 5548s
 1092894 693729  339.80247   50   21  356.88427  339.11988  4.98%  94.1 5550s
 1093698 694742  342.31461   57    4  356.88427  339.11998  4.98%  94.1 5564s
 1093781 694760  342.96097   53    6  356.88427  339.11998  4.98%  94.1 5565s
 1095920 695585  339.82152   46   29  356.88427  339.12009  4.98%  94.0 5584s
 1096068 695598  348.59998   46    -  356.88427  339.12009  4.98%  94.1 5585s
 1096890 696818  339.82551   47   29  356.88427  339.12021  4.98%  94.0 5601s
 1098968 698038  339.39566   25   30  356.88427  339.12033  4.98%  94.0 5618s
 1101123 699145 infeasible   45       356.88427  339.12054  4.98%  94.0 5634s
 1101459 699166  352.98760   59    9  356.88427  339.12054  4.98%  94.0 5635s
 1102734 700520  339.13072   35   36  356.88427  339.12070  4.98%  94.0 5653s
 1104775 701571  339.58871   34   25  356.88427  339.12102  4.98%  94.0 5668s
 1107115 702955  341.68608   44    9  356.88427  339.12111  4.98%  94.0 5685s
 1109367 703679  342.37323   45   13  356.88427  339.12123  4.98%  94.0 5701s
 1110514 704867  340.31396   53   14  356.88427  339.12123  4.98%  94.0 5717s
 1112962 706185  353.34624   59    1  356.88427  339.12173  4.98%  94.0 5734s
 1114191 706309  346.12147   59    -  356.88427  339.12181  4.98%  94.0 5735s
 1115089 707160  344.66207   45   18  356.88427  339.12210  4.98%  94.0 5750s
 1116715 708446  340.02256   50   21  356.88427  339.12219  4.98%  94.0 5768s
 1118201 708588  339.23394   43   38  356.88427  339.12224  4.98%  94.0 5770s
 1118875 709747  340.17357   43   20  356.88427  339.12234  4.98%  94.0 5784s
 1120753 711076  339.79505   30   41  356.88427  339.12260  4.98%  94.0 5801s
 1123035 711702  344.79312   43   13  356.88427  339.12260  4.98%  94.0 5817s
 1124154 712846  351.72997   54    8  356.88427  339.12260  4.98%  94.0 5833s
 1125537 713024  345.10292   50   26  356.88427  339.12279  4.98%  94.0 5835s
 1126455 714240  339.16925   37   38  356.88427  339.12280  4.98%  94.0 5851s
 1128199 715279  339.72036   42   30  356.88427  339.12321  4.98%  94.0 5867s
 1129141 715369  339.15736   47   39  356.88427  339.12322  4.98%  94.0 5870s
 1129608 716475  339.73111   44   21  356.88427  339.12322  4.98%  94.0 5885s
 1131590 717784  339.25945   36   34  356.88427  339.12346  4.98%  94.0 5902s
 1133364 717993  343.59639   49   17  356.88427  339.12346  4.98%  94.0 5905s
 1133640 719159  340.50188   45   20  356.88427  339.12361  4.98%  94.0 5920s
 1135835 719935  353.03062   56    8  356.88427  339.12371  4.98%  94.0 5936s
 1136810 721033  350.59890   49    4  356.88427  339.12383  4.98%  94.0 5953s
 1138938 722372  339.87750   37   23  356.88427  339.12407  4.98%  94.0 5970s
 1141088 723654  340.27616   41   33  356.88427  339.12417  4.98%  94.0 5986s
 1143227 724594  339.19059   42   29  356.88427  339.12443  4.98%  94.0 6009s
 1143288 724599  341.74669   42    8  356.88427  339.12443  4.98%  94.0 6010s
 1144714 725819  353.58791   60    -  356.88427  339.12467  4.98%  94.0 6027s
 1146847 727151  340.34941   42   26  356.88427  339.12467  4.98%  94.0 6043s
 1149378 727973  353.36496   50   23  356.88427  339.12515  4.98%  93.9 6059s
 1149497 727987  346.18089   53   27  356.88427  339.12515  4.98%  94.0 6060s
 1150345 729120  340.31607   41   12  356.88427  339.12524  4.98%  94.0 6076s
 1152509 730309  339.57893   36   30  356.88427  339.12556  4.98%  93.9 6093s
 1154614 731478  344.44960   54    6  356.88427  339.12579  4.98%  93.9 6109s
 1155035 731526  354.84851   60    1  356.88427  339.12579  4.98%  93.9 6110s
 1156779 732830  343.12934   51   20  356.88427  339.12614  4.98%  93.9 6127s
 1158821 733720  340.79809   47   18  356.88427  339.12634  4.98%  93.9 6145s
 1160319 734856  339.66591   36   29  356.88427  339.12644  4.98%  93.9 6163s
 1161770 735017  350.59062   50    3  356.88427  339.12660  4.98%  93.9 6165s
 1162417 735580  340.14695   43   24  356.88427  339.12683  4.98%  93.9 6179s
 1162563 735593 infeasible   57       356.88427  339.12683  4.98%  93.9 6180s
 1163438 736664  341.84167   45   22  356.88427  339.12683  4.98%  93.9 6196s
 1165595 737968  344.86439   54    5  356.88427  339.12710  4.98%  93.9 6213s
 1167737 739170  345.26365   52    5  356.88427  339.12729  4.98%  93.9 6230s
 1169922 740475  339.42848   38   30  356.88427  339.12741  4.98%  93.9 6250s
 1172070 741703  339.35808   39   34  356.88427  339.12767  4.98%  93.9 6268s
 1173626 741857  340.74460   48   24  356.88427  339.12772  4.98%  93.9 6270s
 1174154 742961  352.00708   52   27  356.88427  339.12794  4.98%  93.9 6286s
 1176385 743707  341.31553   40   15  356.88427  339.12819  4.98%  93.9 6302s
 1177127 743761  342.60830   43    1  356.88427  339.12822  4.98%  93.9 6305s
 1177253 744498  342.40080   43   31  356.88427  339.12822  4.98%  93.9 6322s
 1178638 745750  339.84988   40   27  356.88427  339.12831  4.98%  93.9 6339s
 1178895 745781 infeasible   44       356.88427  339.12831  4.98%  93.9 6340s
 1180733 746927  339.44829   37   31  356.88427  339.12850  4.98%  93.9 6357s
 1182841 748209  342.19682   39   37  356.88427  339.12880  4.98%  93.9 6375s
 1184903 749454  347.49523   44   16  356.88427  339.12910  4.98%  93.9 6393s
 1186852 750613  341.78229   48   26  356.88427  339.12910  4.98%  93.9 6412s
 1188589 751787  349.45725   51   26  356.88427  339.12932  4.97%  93.9 6430s
 1190750 752507  340.98626   46   20  356.88427  339.12955  4.97%  93.9 6446s
 1191800 753792  344.82876   49    -  356.88427  339.12971  4.97%  93.9 6465s
 1193716 754680  342.65561   54    6  356.88427  339.12987  4.97%  93.9 6487s
 1194976 754830  349.79752   50   22  356.88427  339.12996  4.97%  93.9 6490s
 1195227 755741  342.69883   51   16  356.88427  339.13008  4.97%  93.9 6505s
 1197538 757028  352.78811   51   26  356.88427  339.13030  4.97%  93.9 6523s
 1198986 757180  341.53864   46   16  356.88427  339.13046  4.97%  93.9 6525s
 1199689 758023  340.83709   50   24  356.88427  339.13059  4.97%  93.9 6541s
 1202201 759344  350.25435   41   39  356.88427  339.13086  4.97%  93.9 6560s
 1204550 760264  355.63284   55   13  356.88427  339.13103  4.97%  93.9 6578s
 1205144 760325  339.95307   43   22  356.88427  339.13103  4.97%  93.9 6580s
 1205766 761468     cutoff   50       356.88427  339.13127  4.97%  93.8 6596s
 1207810 762652     cutoff   54       356.88427  339.13148  4.97%  93.9 6612s
 1209896 763503  340.01930   41   24  356.88427  339.13162  4.97%  93.8 6633s
 1210719 763569  342.96097   52    4  356.88427  339.13167  4.97%  93.8 6635s
 1211343 764569  340.16559   51   17  356.88427  339.13167  4.97%  93.8 6652s
 1213368 765707  341.10055   46   19  356.88427  339.13207  4.97%  93.8 6669s
 1215706 767071  344.25367   54    6  356.88427  339.13223  4.97%  93.8 6688s
 1217911 767872 infeasible   53       356.88427  339.13236  4.97%  93.8 6705s
 1219015 769079  340.74199   47   22  356.88427  339.13240  4.97%  93.8 6723s
 1221152 770339  339.54932   39   27  356.88427  339.13282  4.97%  93.8 6741s
 1223427 771555  345.48585   49   14  356.88427  339.13305  4.97%  93.8 6759s
 1225112 771726  351.66287   54    5  356.88427  339.13310  4.97%  93.8 6761s
 1225414 772814  344.44817   51    1  356.88427  339.13310  4.97%  93.8 6778s
 1227471 773745  339.21927   37   34  356.88427  339.13341  4.97%  93.8 6805s
 1228890 774938  339.44451   35   21  356.88427  339.13341  4.97%  93.8 6824s
 1230464 775236  345.99653   48   28  356.88427  339.13356  4.97%  93.8 6839s
 1230911 776316  339.23860   37   29  356.88427  339.13356  4.97%  93.8 6856s
 1232933 777443  340.60778   43   27  356.88427  339.13374  4.97%  93.8 6875s
 1235126 778843  340.06498   42   21  356.88427  339.13400  4.97%  93.8 6892s
 1237360 780255  350.56653   46   20  356.88427  339.13426  4.97%  93.8 6911s
 1239311 781530  343.81593   48   11  356.88427  339.13441  4.97%  93.8 6928s
 1241416 782293  339.50319   35   25  356.88427  339.13448  4.97%  93.8 6945s
 1242545 783604  352.21906   46   11  356.88427  339.13456  4.97%  93.8 6962s
 1244726 785015 infeasible   60       356.88427  339.13475  4.97%  93.8 6981s
 1246803 786288     cutoff   55       356.88427  339.13479  4.97%  93.8 7000s
 1248894 787208  341.45566   43   39  356.88427  339.13479  4.97%  93.8 7018s
 1249752 787302  340.80452   48   22  356.88427  339.13479  4.97%  93.8 7020s
 1250398 788526  339.23427   46   40  356.88427  339.13501  4.97%  93.8 7037s
 1252184 788692  339.46982   37   31  356.88427  339.13513  4.97%  93.7 7040s
 1252591 789861  340.13412   45   25  356.88427  339.13540  4.97%  93.7 7057s
 1254861 790715  339.30207   37   40  356.88427  339.13540  4.97%  93.7 7074s
 1255425 790780  341.78988   52   12  356.88427  339.13540  4.97%  93.7 7075s
 1255991 792078  339.31164   38   43  356.88427  339.13540  4.97%  93.7 7092s
 1257781 792263  340.48014   42   28  356.88427  339.13567  4.97%  93.7 7095s
 1258268 793347  346.08584   49    -  356.88427  339.13567  4.97%  93.7 7112s
 1260297 793584  339.95735   48   23  356.88427  339.13600  4.97%  93.7 7115s
 1260369 794669  343.02992   53    9  356.88427  339.13600  4.97%  93.7 7131s
 1262569 795981  353.29301   55   25  356.88427  339.13620  4.97%  93.7 7151s
 1264680 797191  341.71347   40   14  356.88427  339.13645  4.97%  93.7 7171s
 1266738 797755 infeasible   53       356.88427  339.13645  4.97%  93.7 7194s
 1266983 797786  354.13032   52    -  356.88427  339.13664  4.97%  93.7 7195s
 1267715 798820  340.50933   46   20  356.88427  339.13666  4.97%  93.7 7212s
 1269796 800003  343.07001   50   14  356.88427  339.13677  4.97%  93.7 7230s
 1271927 801355  351.15268   49   28  356.88427  339.13699  4.97%  93.7 7249s
 1272029 801363  344.82876   54    5  356.88427  339.13699  4.97%  93.7 7250s
 1273903 802594  339.52093   39   39  356.88427  339.13721  4.97%  93.7 7268s
 1275424 802778 infeasible   46       356.88427  339.13729  4.97%  93.7 7271s
 1275896 803895  340.57254   50   35  356.88427  339.13735  4.97%  93.7 7288s
 1277817 804587  355.60849   55    7  356.88427  339.13752  4.97%  93.7 7319s
 1278604 804670  339.81723   41   20  356.88427  339.13758  4.97%  93.7 7321s
 1278885 805125  339.44814   42   25  356.88427  339.13758  4.97%  93.7 7339s
 1279651 806196 infeasible   56       356.88427  339.13758  4.97%  93.7 7356s
 1281724 807447  340.17720   40   20  356.88427  339.13780  4.97%  93.7 7375s
 1283876 808695  340.75120   48   29  356.88427  339.13799  4.97%  93.7 7393s
 1285967 809892  340.00488   36   17  356.88427  339.13803  4.97%  93.7 7411s
 1288274 811156  349.72453   51   21  356.88427  339.13823  4.97%  93.6 7430s
 1290535 811940  353.14575   45   28  356.88427  339.13835  4.97%  93.6 7447s
 1291515 813025  339.21044   32   37  356.88427  339.13842  4.97%  93.6 7466s
 1293568 814010  346.42592   53   16  356.88427  339.13848  4.97%  93.6 7485s
 1295440 815280 infeasible   46       356.88427  339.13872  4.97%  93.6 7502s
 1297416 816522  351.69153   46    8  356.88427  339.13883  4.97%  93.6 7520s
 1299319 817784 infeasible   58       356.88427  339.13908  4.97%  93.6 7540s
 1301407 819000  339.23633   43   41  356.88427  339.13920  4.97%  93.6 7560s
 1303446 819728  342.01289   46   20  356.88427  339.13942  4.97%  93.6 7578s
 1304621 820990  341.35399   42    7  356.88427  339.13943  4.97%  93.6 7597s
 1306769 822399  342.99618   42   18  356.88427  339.13948  4.97%  93.6 7616s
 1308921 823714  339.42174   42   25  356.88427  339.13975  4.97%  93.6 7636s
 1311045 824927  341.49095   48    9  356.88427  339.13990  4.97%  93.6 7657s
 1312390 825018  339.47962   36   32  356.88427  339.13998  4.97%  93.6 7661s
 1312592 826130  341.62064   49   45  356.88427  339.13998  4.97%  93.6 7677s
 1314558 827404  342.96097   57    2  356.88427  339.14005  4.97%  93.6 7695s
 1316697 828258  342.31461   51    4  356.88427  339.14025  4.97%  93.6 7713s
 1317800 828392  340.50486   50   15  356.88427  339.14025  4.97%  93.6 7716s
 1317939 829416  340.94157   39   26  356.88427  339.14025  4.97%  93.6 7732s
 1319588 829599  343.77390   46   13  356.88427  339.14047  4.97%  93.6 7735s
 1319987 830642  340.70982   40   17  356.88427  339.14059  4.97%  93.6 7752s
 1321987 831459  339.29633   44   31  356.88427  339.14072  4.97%  93.6 7780s
 1323629 832680  340.84061   47   20  356.88427  339.14082  4.97%  93.6 7800s
 1325498 833930     cutoff   49       356.88427  339.14105  4.97%  93.6 7818s
 1326812 834082  351.27843   50   16  356.88427  339.14106  4.97%  93.6 7820s
 1327719 835250  351.26877   54   13  356.88427  339.14106  4.97%  93.6 7838s
 1329646 835951  347.89332   58   19  356.88427  339.14140  4.97%  93.6 7855s
 1330703 837109 infeasible   46       356.88427  339.14141  4.97%  93.6 7875s
 1332846 838471  347.98926   51    6  356.88427  339.14164  4.97%  93.6 7895s
 1334996 839367  342.10933   48    8  356.88427  339.14178  4.97%  93.5 7914s
 1336552 839582  340.10584   40   23  356.88427  339.14186  4.97%  93.5 7919s
 1336747 840512  341.88644   39    8  356.88427  339.14194  4.97%  93.5 7936s
 1338950 841738 infeasible   50       356.88427  339.14210  4.97%  93.5 7956s
 1340963 842534  345.17322   38   12  356.88427  339.14223  4.97%  93.5 7974s
 1341144 842545  340.05508   38   20  356.88427  339.14223  4.97%  93.5 7975s
 1342056 843636  343.85098   46   20  356.88427  339.14223  4.97%  93.5 7994s
 1342217 843653  356.09349   46   18  356.88427  339.14229  4.97%  93.5 7995s
 1344125 844902  340.27722   45   22  356.88427  339.14238  4.97%  93.5 8013s
 1346234 846058  339.89192   48   37  356.88427  339.14266  4.97%  93.5 8032s
 1348284 847010     cutoff   46       356.88427  339.14297  4.97%  93.5 8058s
 1348902 847065  341.30652   45   11  356.88427  339.14297  4.97%  93.5 8060s
 1349689 848193  351.61618   60    2  356.88427  339.14297  4.97%  93.5 8078s
 1351459 848379     cutoff   46       356.88427  339.14307  4.97%  93.5 8080s
 1351744 849543  340.54271   49   15  356.88427  339.14318  4.97%  93.5 8098s
 1353430 849727  342.93539   46   17  356.88427  339.14327  4.97%  93.5 8100s
 1353743 850357  341.29616   47   15  356.88427  339.14335  4.97%  93.5 8116s
 1354847 851601  346.45676   48    8  356.88427  339.14335  4.97%  93.5 8137s
 1356959 852843  349.61726   51    -  356.88427  339.14355  4.97%  93.5 8156s
 1359151 854134  339.80270   49   14  356.88427  339.14388  4.97%  93.5 8175s
 1361306 855439  343.57169   49    4  356.88427  339.14412  4.97%  93.5 8194s
 1361916 855539  345.36277   54   18  356.88427  339.14412  4.97%  93.5 8195s
 1363721 856245  339.76651   41   27  356.88427  339.14417  4.97%  93.5 8213s
 1364668 857352  339.29153   35   41  356.88427  339.14422  4.97%  93.5 8232s
 1366547 857955  339.79600   44   17  356.88427  339.14422  4.97%  93.5 8255s
 1367462 859149  339.71096   39   39  356.88427  339.14444  4.97%  93.5 8274s
 1369322 860064  339.31826   39   32  356.88427  339.14458  4.97%  93.5 8298s
 1369973 860125  344.86439   54    -  356.88427  339.14475  4.97%  93.5 8300s
 1370608 861133  339.31657   39   40  356.88427  339.14486  4.97%  93.5 8319s
 1370731 861137  345.74095   52    1  356.88427  339.14489  4.97%  93.5 8320s
 1372377 862139  341.73858   44   23  356.88427  339.14496  4.97%  93.5 8339s
 1373409 862291  344.14876   51   15  356.88427  339.14511  4.97%  93.5 8340s
 1374776 863422  339.38796   42   28  356.88427  339.14517  4.97%  93.5 8358s
 1377004 864764  339.36433   31   39  356.88427  339.14537  4.97%  93.5 8378s
 1379025 865535  342.49867   55   13  356.88427  339.14562  4.97%  93.5 8397s
 1380503 866701  343.57169   48    -  356.88427  339.14562  4.97%  93.5 8418s
 1382535 867947  341.27073   45    7  356.88427  339.14577  4.97%  93.5 8438s
 1384648 869210  339.53810   39   14  356.88427  339.14604  4.97%  93.5 8458s
 1385843 869319  339.53658   36   47  356.88427  339.14604  4.97%  93.5 8460s
 1386573 870189  341.40620   48   26  356.88427  339.14628  4.97%  93.5 8481s
 1387925 871309  341.42639   45   17  356.88427  339.14636  4.97%  93.5 8502s
 1389957 872507  354.64936   48    8  356.88427  339.14654  4.97%  93.5 8522s
 1391980 873311  341.57518   34   21  356.88427  339.14673  4.97%  93.5 8540s
 1393059 874515  339.16367   33   40  356.88427  339.14673  4.97%  93.5 8561s
 1395018 875874  341.12154   42   12  356.88427  339.14683  4.97%  93.5 8581s
 1397023 877147  339.15215   32   48  356.88427  339.14699  4.97%  93.5 8601s
 1398993 878343 infeasible   51       356.88427  339.14712  4.97%  93.5 8621s
 1401045 879582  339.59393   39   27  356.88427  339.14721  4.97%  93.5 8641s
 1403245 880310  339.32853   37   32  356.88427  339.14743  4.97%  93.5 8662s
 1404262 881476  339.62129   38   27  356.88427  339.14751  4.97%  93.5 8682s
 1406283 882636  341.94256   50   10  356.88427  339.14772  4.97%  93.5 8703s
 1408425 883321     cutoff   48       356.88427  339.14789  4.97%  93.5 8739s
 1408956 883374  349.59463   55   14  356.88427  339.14789  4.97%  93.5 8741s
 1409424 884422  339.23019   38   43  356.88427  339.14790  4.97%  93.5 8760s
 1411410 885746  339.23286   36   29  356.88427  339.14805  4.97%  93.5 8779s
 1413534 887007  339.44964   47   32  356.88427  339.14812  4.97%  93.5 8798s
 1415641 887773  339.18983   36   28  356.88427  339.14839  4.97%  93.5 8816s
 1416651 888861  339.19698   37   32  356.88427  339.14839  4.97%  93.5 8837s
 1418491 890075  339.81422   50   26  356.88427  339.14857  4.97%  93.5 8856s
 1420518 891340  340.61627   45   19  356.88427  339.14858  4.97%  93.5 8876s
 1422794 892642  341.28767   46    5  356.88427  339.14886  4.97%  93.5 8896s
 1424845 893797  342.62934   53   18  356.88427  339.14890  4.97%  93.4 8917s
 1426921 894465  339.29400   38   35  356.88427  339.14917  4.97%  93.4 8935s
 1428017 895591  339.43559   39   32  356.88427  339.14920  4.97%  93.4 8956s
 1430037 896804  340.76505   48    7  356.88427  339.14954  4.97%  93.4 8977s
 1431957 898052  344.75710   52   15  356.88427  339.14967  4.97%  93.4 8997s
 1433971 899257  339.98962   50   21  356.88427  339.14981  4.97%  93.4 9017s
 1435783 900043  340.11989   39   24  356.88427  339.14994  4.97%  93.4 9048s
 1436082 900078  339.58617   41   21  356.88427  339.14995  4.97%  93.4 9050s
 1437010 901090  351.34327   54    6  356.88427  339.14998  4.97%  93.4 9070s
 1439140 901945 infeasible   53       356.88427  339.15010  4.97%  93.4 9090s
 1440361 903123  339.48270   47   26  356.88427  339.15010  4.97%  93.4 9112s
 1442547 904393  339.35771   38   32  356.88427  339.15027  4.97%  93.4 9133s
 1444464 905575  344.83712   46   11  356.88427  339.15039  4.97%  93.4 9153s
 1446618 906691  355.69145   46   13  356.88427  339.15054  4.97%  93.4 9174s
 1447944 906836  353.50688   59    6  356.88427  339.15054  4.97%  93.4 9175s
 1448802 907807  339.80832   43   18  356.88427  339.15054  4.97%  93.4 9194s
 1450693 908044  352.26462   47   20  356.88427  339.15054  4.97%  93.4 9197s
 1450994 908757  339.73024   45   26  356.88427  339.15054  4.97%  93.4 9214s
 1451526 908820  339.47765   40   24  356.88427  339.15054  4.97%  93.4 9216s
 1452179 910023 infeasible   57       356.88427  339.15086  4.97%  93.4 9236s
 1454339 911271  355.14760   52    6  356.88427  339.15103  4.97%  93.4 9255s
 1456584 912527  355.14760   61    2  356.88427  339.15106  4.97%  93.4 9276s
 1458787 913756  346.24784   53    8  356.88427  339.15129  4.97%  93.4 9297s
 1460823 914452  339.94636   41   19  356.88427  339.15146  4.97%  93.4 9324s
 1462094 915763  339.30438   37   33  356.88427  339.15146  4.97%  93.4 9347s
 1464168 916449  341.09036   36    9  356.88427  339.15146  4.97%  93.4 9366s
 1464989 917643  342.41629   44   26  356.88427  339.15146  4.97%  93.4 9388s
 1467042 918882 infeasible   51       356.88427  339.15191  4.97%  93.4 9408s
 1468995 919069  342.34792   47   22  356.88427  339.15195  4.97%  93.4 9410s
 1469197 920068  342.61771   43   21  356.88427  339.15206  4.97%  93.4 9429s
 1470027 920192  341.48773   51   15  356.88427  339.15210  4.97%  93.4 9430s
 1471275 921434  339.54474   34   21  356.88427  339.15221  4.97%  93.4 9450s
 1473024 922566  341.98240   43   10  356.88427  339.15229  4.97%  93.4 9470s
 1475080 923544  340.21236   38   17  356.88427  339.15245  4.97%  93.4 9490s
 1476408 924642  339.87863   41   21  356.88427  339.15245  4.97%  93.4 9512s
 1478333 925814  339.42213   39   34  356.88427  339.15268  4.97%  93.4 9533s
 1480171 926967  339.38980   34   28  356.88427  339.15277  4.97%  93.4 9554s
 1481031 927043 infeasible   53       356.88427  339.15279  4.97%  93.4 9555s
 1482172 927657  340.10992   36   51  356.88427  339.15290  4.97%  93.4 9580s
 1483397 928749 infeasible   48       356.88427  339.15297  4.97%  93.4 9602s
 1485168 929800  339.58996   40   25  356.88427  339.15318  4.97%  93.4 9622s
 1487207 930479  342.64548   31   20  356.88427  339.15327  4.97%  93.4 9642s
 1488194 931495  341.66826   47    5  356.88427  339.15331  4.97%  93.4 9664s
 1489500 931580  339.97321   39   24  356.88427  339.15332  4.97%  93.4 9665s
 1489842 932612 infeasible   50       356.88427  339.15349  4.97%  93.4 9683s
 1492024 933804  339.23655   36   38  356.88427  339.15359  4.97%  93.4 9704s
 1492101 933815  345.70515   45    1  356.88427  339.15359  4.97%  93.4 9705s
 1493989 934984  339.35688   37   23  356.88427  339.15367  4.97%  93.4 9730s
 1495913 936245  348.87355   53   10  356.88427  339.15382  4.97%  93.4 9753s
 1497675 937533  345.00389   54   12  356.88427  339.15391  4.97%  93.4 9780s
 1499686 938175  339.81507   34   32  356.88427  339.15397  4.97%  93.4 9800s
 1500889 938729  350.70181   43   10  356.88427  339.15397  4.97%  93.4 9829s
 1501014 938744  347.93071   46   20  356.88427  339.15406  4.97%  93.4 9830s
 1501885 939919  340.20134   38   42  356.88427  339.15406  4.97%  93.4 9853s
 1503879 940924  341.05229   39   24  356.88427  339.15418  4.97%  93.4 9874s
 1505680 941188 infeasible   49       356.88427  339.15418  4.97%  93.4 9876s
 1506199 942133  350.31387   47   13  356.88427  339.15429  4.97%  93.4 9897s
 1508161 943345  339.72812   45   20  356.88427  339.15439  4.97%  93.4 9920s
 1510381 944511  341.82889   48   15  356.88427  339.15448  4.97%  93.4 9943s
 1512579 945313  340.53922   39   28  356.88427  339.15464  4.97%  93.4 9965s
 1513810 946348  342.96097   47   10  356.88427  339.15464  4.97%  93.4 9990s
 1515917 947150  339.84036   43   20  356.88427  339.15485  4.97%  93.3 10020s

Cutting planes:
  Gomory: 16
  Cover: 106
  Implied bound: 13
  Projected implied bound: 13
  MIR: 342
  Flow cover: 64
  Inf proof: 85
  Zero half: 2
  RLT: 8
  Relax-and-lift: 2

Explored 1516808 nodes (141616448 simplex iterations) in 10023.34 seconds (28454.72 work units)
Thread count was 32 (of 128 available processors)

Solution count 5: 356.884 356.884 356.884 ... 368.564

Time limit reached
Best objective 3.568842681578e+02, best bound 3.391549739258e+02, gap 4.9678%

User-callback calls 3950076, time in user-callback 1356.80 sec
