
Gurobi 13.0.2 (linux64) logging started Fri Jul  3 08:52:04 2026

Set parameter LogFile to value "/home/michael/gitrepos/gopslpnlpbb/output/epanet_bb_equivalent_gops/atm-24h-na2/issue18-matched-budget-20260703T115137Z/solver.log"
Set parameter LazyConstraints to value 1
Gurobi Optimizer version 13.0.2 build v13.0.2rc1 (linux64 - "Debian GNU/Linux 13 (trixie)")

CPU model: AMD EPYC 9554 64-Core Processor, instruction set [SSE2|AVX|AVX2|AVX512]
Thread count: 64 physical cores, 128 logical processors, using up to 32 threads

Non-default parameters:
TimeLimit  500
MIPGap  1e-06
LazyConstraints  1

Optimize a model with 206208 rows, 1872 columns and 623520 nonzeros (Min)
Model fingerprint: 0xbf0c4814
Model has 144 linear objective coefficients
Variable types: 1659 continuous, 213 integer (213 binary)
Coefficient statistics:
  Matrix range     [9e-04, 1e+03]
  Objective range  [2e-02, 3e+00]
  Bounds range     [1e+00, 1e+03]
  RHS range        [2e-01, 3e+04]

Presolve removed 101262 rows and 174 columns
Presolve time: 1.52s
Presolved: 104946 rows, 1698 columns, 315890 nonzeros
Variable types: 1485 continuous, 213 integer (213 binary)
Root relaxation presolved: 60103 rows, 46541 columns, 226215 nonzeros


Root relaxation: objective 3.351307e+02, 3153 iterations, 0.59 seconds (1.21 work units)

    Nodes    |    Current Node    |     Objective Bounds      |     Work
 Expl Unexpl |  Obj  Depth IntInf | Incumbent    BestBd   Gap | It/Node Time

     0     0  335.13072    0   34          -  335.13072      -     -    3s
     0     0  335.18369    0   71          -  335.18369      -     -    4s
     0     0  335.18369    0   55          -  335.18369      -     -    5s
     0     0  337.91155    0   75          -  337.91155      -     -    5s
     0     0  337.91155    0   63          -  337.91155      -     -    7s
     0     0  337.91155    0   78          -  337.91155      -     -    7s
     0     0  337.97667    0   74          -  337.97667      -     -    8s
     0     0  337.97667    0   69          -  337.97667      -     -    8s
     0     0  337.99087    0   79          -  337.99087      -     -    9s
     0     0  337.99087    0   63          -  337.99087      -     -    9s
     0     0  337.99087    0   60          -  337.99087      -     -    9s
     0     0  338.00091    0   69          -  338.00091      -     -   10s
     0     0  338.03723    0   88          -  338.03723      -     -   11s
     0     0  338.03723    0   80          -  338.03723      -     -   11s
     0     0  338.03723    0   82          -  338.03723      -     -   12s
     0     0  338.03723    0   63          -  338.03723      -     -   12s
     0     0  338.03723    0   76          -  338.03723      -     -   13s
     0     0  338.03723    0   79          -  338.03723      -     -   13s
     0     0  338.03723    0   69          -  338.03723      -     -   14s
     0     0  338.03723    0   49          -  338.03723      -     -   14s
     0     0  338.03723    0   65          -  338.03723      -     -   15s
     0     0  338.08588    0   74          -  338.08588      -     -   15s
     0     0  338.08588    0   54          -  338.08588      -     -   16s
     0     0  338.09223    0   81          -  338.09223      -     -   16s
     0     0  338.10128    0   76          -  338.10128      -     -   17s
     0     0  338.10128    0   81          -  338.10128      -     -   17s
     0     0  338.10128    0   96          -  338.10128      -     -   18s
     0     0  338.10128    0   79          -  338.10128      -     -   18s
     0     0  338.10128    0   86          -  338.10128      -     -   19s
     0     0  338.10128    0   77          -  338.10128      -     -   19s
     0     0  338.10128    0   80          -  338.10128      -     -   19s
     0     0  338.10128    0   59          -  338.10128      -     -   20s
     0     0  338.10128    0   75          -  338.10128      -     -   20s
     0     0  338.10128    0   60          -  338.10128      -     -   21s
     0     0  338.10128    0   57          -  338.10128      -     -   21s
     0     0  338.10128    0   59          -  338.10128      -     -   22s
     0     0  338.10128    0   73          -  338.10128      -     -   23s
     0     0  338.10128    0   49          -  338.10128      -     -   23s
     0     0  338.10128    0   76          -  338.10128      -     -   23s
     0     0  338.10128    0   71          -  338.10128      -     -   24s
     0     0  338.10128    0   65          -  338.10128      -     -   25s
     0     0  338.10128    0   79          -  338.10128      -     -   25s
     0     0  338.10128    0   93          -  338.10128      -     -   26s
     0     0  338.10128    0   50          -  338.10128      -     -   26s
     0     0  338.10128    0   48          -  338.10128      -     -   27s
     0     0  338.10128    0   48          -  338.10128      -     -   27s
     0     2  338.10128    0   48          -  338.10128      -     -   30s
    95   185  338.13770    7   89          -  338.11292      -   794   35s
   566   602  338.52823   17   63          -  338.11292      -   291   40s
   633   673  338.63266   18   45          -  338.11292      -   280   47s
   672   713  338.67854   19   45          -  338.11292      -   274   50s
   779   814  338.82427   20   57          -  338.11292      -   262   56s
   834   890  338.91918   20   38          -  338.11292      -   258   60s
   974  1006  347.76519   22   26          -  338.11292      -   252   69s
  1064  1080  339.13043   22   30          -  338.11292      -   240   72s
  1181  1128  339.39791   23   28          -  338.11292      -   231   78s
  1258  1174  339.61883   24   25          -  338.11292      -   232   81s
  1344  1224  340.15606   32   13          -  338.12979      -   239   89s
  1407  1313  340.49300   32   10          -  338.12979      -   241   93s
  1528  1409  340.69781   36   21          -  338.15496      -   247   95s
  1881  1759  338.82614   15   51          -  338.28778      -   231  101s
  2769  2386  339.22787   15   53          -  338.30007      -   219  106s
  3549  2977  347.74946   32    -          -  338.30526      -   210  111s
  4290  3293  342.37049   23   48          -  338.32030      -   204  128s
  4293  3295  353.25557   30   56          -  338.32030      -   204  131s
  4302  3301  341.42422   24   60          -  338.84253      -   204  135s
  4310  3306  342.45107   22   48          -  338.85257      -   203  140s
  4315  3310  340.94468   20   48          -  338.85257      -   203  145s
  4700  3677  339.82598   26   38          -  338.86384      -   206  150s
  5460  4063  350.96982   41    -          -  338.86604      -   207  157s
  5714  4187  339.29383   23   43          -  338.88091      -   206  160s
  7521  5051  339.93260   24   39          -  338.98938      -   191  165s
  9245  5806  362.48085   29   49          -  339.02153      -   179  170s
 11286  6569  342.96097   42    -          -  339.04844      -   170  175s
 13323  7375  339.15856   26   40          -  339.11223      -   164  180s
 14710  7909  344.18820   38   18          -  339.11256      -   161  186s
 15384  8628  364.29280   41    6          -  339.12127      -   160  190s
 17553 10217  339.31719   29   35          -  339.13424      -   156  196s
 18855 11322  342.82322   27   32          -  339.14141      -   154  201s
 20259 12335  345.84604   42    -          -  339.15031      -   153  205s
 22731 13935  344.11340   40    5          -  339.17403      -   151  211s
 24266 15260  339.37564   25   51          -  339.19117      -   150  215s
 26151 16389  340.92120   26   27          -  339.19938      -   149  220s
 27994 17859  340.90652   32    9          -  339.20236      -   147  225s
 30350 19028  340.69674   27   29          -  339.21363      -   146  234s
 30551 19318  340.90460   28   22          -  339.21363      -   146  236s
 32472 20889  339.33513   24   43          -  339.22436      -   145  243s
 33431 21981  340.36559   25   33          -  339.22658      -   145  246s
 34928 23232 infeasible   42               -  339.22658      -   145  250s
 37319 24522  340.07543   30   44          -  339.24685      -   143  255s
 40182 26698  348.29978   27   48          -  339.25974      -   142  264s
 41585 27947  340.00603   29   31          -  339.25985      -   141  268s
 43360 29069  353.12066   45   13          -  339.27055      -   141  272s
 45472 29646  342.31461   38    6          -  339.27202      -   139  278s
 45900 30299  342.65098   39    8          -  339.27218      -   139  282s
*46902 26621              55     357.9015444  339.27218  5.21%   139  284s
 47082 27365     cutoff   26       357.90154  339.27218  5.21%   139  286s
 49169 28645  339.99617   32   31  357.90154  339.28067  5.20%   138  292s
*51020 28598              40     356.2735484  339.28514  4.77%   137  294s
 51267 29541  339.51437   33   42  356.27355  339.28688  4.77%   137  297s
 53356 30765  340.08458   33   24  356.27355  339.29823  4.76%   137  302s
 55486 32153  353.48204   38   25  356.27355  339.31295  4.76%   137  308s
 56627 32313  340.38161   36   44  356.27355  339.31295  4.76%   137  310s
 59990 35164  342.35230   32    3  356.27355  339.32803  4.76%   136  320s
 62539 36653  344.21804   34    6  356.27355  339.33620  4.75%   136  326s
 65148 38346  354.48350   39   15  356.27355  339.34809  4.75%   135  332s
 67736 38801  339.47204   31   33  356.27355  339.35476  4.75%   134  341s
 67861 39797  339.59906   33   28  356.27355  339.35476  4.75%   134  345s
 70606 41600  348.40885   28   52  356.27355  339.36018  4.75%   134  352s
 73106 43139  342.98427   32   45  356.27355  339.36602  4.75%   134  358s
 75820 44855 infeasible   39       356.27355  339.37032  4.74%   134  365s
 78824 46697  341.88809   33   22  356.27355  339.38313  4.74%   134  373s
 81703 47125  346.48591   38   16  356.27355  339.38706  4.74%   133  376s
 81900 48635  346.08934   47   13  356.27355  339.39058  4.74%   133  381s
 85101 50496  356.13769   40    7  356.27355  339.40054  4.74%   133  390s
*87405 50451              47     355.6628272  339.40064  4.57%   133  392s
 88076 51952     cutoff   40       355.66283  339.41016  4.57%   133  398s
 91115 53503  344.82876   41    -  355.66283  339.41418  4.57%   133  406s
 93754 55321  341.58839   37   22  355.66283  339.42244  4.57%   132  414s
 94327 55429  342.99009   29   30  355.66283  339.42254  4.57%   132  415s
 96857 57071  346.73219   47    6  355.66283  339.42997  4.56%   132  423s
 98532 57339     cutoff   41       355.66283  339.43055  4.56%   132  425s
 99766 58832  342.20890   32   14  355.66283  339.43565  4.56%   132  432s
 102191 59186  346.12008   37   17  355.66283  339.43806  4.56%   132  435s
 102742 60657  351.61618   45    -  355.66283  339.44232  4.56%   132  440s
 106036 61934  349.01011   31   31  355.66283  339.45095  4.56%   131  449s
 107768 63376  344.49935   33   13  355.66283  339.45488  4.56%   131  457s
 110638 65121  341.74212   26   27  355.66283  339.46488  4.55%   130  466s
 113343 66494  345.02160   43    7  355.66283  339.47079  4.55%   130  474s
 114878 66768  343.56050   47   15  355.66283  339.47086  4.55%   130  476s
 116411 68118  344.09058   43    2  355.66283  339.47645  4.55%   130  484s
 116475 68123  342.37251   35   34  355.66283  339.47645  4.55%   130  485s
 118967 69695  342.32435   36   15  355.66283  339.47984  4.55%   130  492s
 121345 70029  340.44585   34   33  355.66283  339.48086  4.55%   130  495s
 122012 70505  344.86439   43    -  355.66283  339.48870  4.55%   130  500s

Cutting planes:
  Gomory: 21
  Cover: 83
  Implied bound: 22
  Projected implied bound: 20
  MIR: 284
  Mixing: 1
  Flow cover: 78
  Inf proof: 85
  Zero half: 5
  Mod-K: 1
  RLT: 13

Explored 122943 nodes (15950759 simplex iterations) in 501.63 seconds (1338.40 work units)
Thread count was 32 (of 128 available processors)

Solution count 3: 355.663 356.274 357.902

Time limit reached
Best objective 3.556628272194e+02, best bound 3.394903372923e+02, gap 4.5471%

User-callback calls 326641, time in user-callback 145.57 sec
