
Gurobi 13.0.2 (linux64) logging started Fri Jul  3 08:08:51 2026

Set parameter LogFile to value "/home/michael/gitrepos/gopslpnlpbb/output/epanet_bb_equivalent_gops/atm-24h-na2/issue18-final-academic-clean-20260703T110430Z/solver.log"
Set parameter LazyConstraints to value 1
Gurobi Optimizer version 13.0.2 build v13.0.2rc1 (linux64 - "Debian GNU/Linux 13 (trixie)")

CPU model: AMD EPYC 9554 64-Core Processor, instruction set [SSE2|AVX|AVX2|AVX512]
Thread count: 64 physical cores, 128 logical processors, using up to 32 threads

Non-default parameters:
TimeLimit  60
MIPGap  1e-06
LazyConstraints  1

Optimize a model with 206208 rows, 1872 columns and 623520 nonzeros (Min)
Model fingerprint: 0xbf0c4814
Model has 144 linear objective coefficients
Variable types: 1659 continuous, 213 integer (213 binary)
Coefficient statistics:
  Matrix range     [9e-04, 1e+03]
  Objective range  [2e-02, 3e+00]
  Bounds range     [1e+00, 1e+03]
  RHS range        [2e-01, 3e+04]

Presolve removed 101262 rows and 174 columns
Presolve time: 1.52s
Presolved: 104946 rows, 1698 columns, 315890 nonzeros
Variable types: 1485 continuous, 213 integer (213 binary)
Root relaxation presolved: 60103 rows, 46541 columns, 226215 nonzeros


Root relaxation: objective 3.351307e+02, 3153 iterations, 0.58 seconds (1.21 work units)

    Nodes    |    Current Node    |     Objective Bounds      |     Work
 Expl Unexpl |  Obj  Depth IntInf | Incumbent    BestBd   Gap | It/Node Time

     0     0  335.13072    0   34          -  335.13072      -     -    3s
     0     0  335.18369    0   71          -  335.18369      -     -    4s
     0     0  335.18369    0   55          -  335.18369      -     -    5s
     0     0  337.91155    0   75          -  337.91155      -     -    5s
     0     0  337.91155    0   63          -  337.91155      -     -    7s
     0     0  337.91155    0   78          -  337.91155      -     -    7s
     0     0  337.97667    0   74          -  337.97667      -     -    8s
     0     0  337.97667    0   69          -  337.97667      -     -    8s
     0     0  337.99087    0   79          -  337.99087      -     -    9s
     0     0  337.99087    0   63          -  337.99087      -     -    9s
     0     0  337.99087    0   60          -  337.99087      -     -   10s
     0     0  338.00091    0   69          -  338.00091      -     -   10s
     0     0  338.03723    0   88          -  338.03723      -     -   11s
     0     0  338.03723    0   80          -  338.03723      -     -   11s
     0     0  338.03723    0   82          -  338.03723      -     -   12s
     0     0  338.03723    0   63          -  338.03723      -     -   12s
     0     0  338.03723    0   76          -  338.03723      -     -   13s
     0     0  338.03723    0   79          -  338.03723      -     -   13s
     0     0  338.03723    0   69          -  338.03723      -     -   14s
     0     0  338.03723    0   49          -  338.03723      -     -   15s
     0     0  338.03723    0   65          -  338.03723      -     -   15s
     0     0  338.08588    0   74          -  338.08588      -     -   16s
     0     0  338.08588    0   54          -  338.08588      -     -   16s
     0     0  338.09223    0   81          -  338.09223      -     -   17s
     0     0  338.10128    0   76          -  338.10128      -     -   17s
     0     0  338.10128    0   81          -  338.10128      -     -   17s
     0     0  338.10128    0   96          -  338.10128      -     -   18s
     0     0  338.10128    0   79          -  338.10128      -     -   18s
     0     0  338.10128    0   86          -  338.10128      -     -   19s
     0     0  338.10128    0   77          -  338.10128      -     -   19s
     0     0  338.10128    0   80          -  338.10128      -     -   20s
     0     0  338.10128    0   59          -  338.10128      -     -   20s
     0     0  338.10128    0   75          -  338.10128      -     -   21s
     0     0  338.10128    0   60          -  338.10128      -     -   21s
     0     0  338.10128    0   57          -  338.10128      -     -   22s
     0     0  338.10128    0   59          -  338.10128      -     -   22s
     0     0  338.10128    0   73          -  338.10128      -     -   23s
     0     0  338.10128    0   49          -  338.10128      -     -   23s
     0     0  338.10128    0   76          -  338.10128      -     -   24s
     0     0  338.10128    0   71          -  338.10128      -     -   24s
     0     0  338.10128    0   65          -  338.10128      -     -   25s
     0     0  338.10128    0   79          -  338.10128      -     -   25s
     0     0  338.10128    0   93          -  338.10128      -     -   26s
     0     0  338.10128    0   50          -  338.10128      -     -   27s
     0     0  338.10128    0   48          -  338.10128      -     -   27s
     0     0  338.10128    0   48          -  338.10128      -     -   27s
     0     2  338.10128    0   48          -  338.10128      -     -   31s
    63    96  338.12979    6   90          -  338.11292      -  1077   35s
   566   602  338.52823   17   63          -  338.11292      -   291   41s
   601   634  338.63266   17   46          -  338.11292      -   286   45s
   672   713  338.67854   19   45          -  338.11292      -   274   50s
   779   814  338.82427   20   57          -  338.11292      -   262   56s
   834   890  338.91918   20   38          -  338.11292      -   258   60s

Cutting planes:
  Gomory: 5
  Implied bound: 9
  MIR: 78
  Flow cover: 17
  RLT: 1

Explored 916 nodes (266792 simplex iterations) in 60.04 seconds (205.06 work units)
Thread count was 32 (of 128 available processors)

Solution count 0

Time limit reached
Best objective -, best bound 3.381129241760e+02, gap -

User-callback calls 16312, time in user-callback 0.36 sec
